Component: ARM Compiler 5.05 update 2 (build 169) Tool: armlink [4d0f33]

==============================================================================

Section Cross References

    stm32f10x_startup.o(STACK) refers (Special) to heapauxi.o(.text) for __use_two_region_memory
    stm32f10x_startup.o(HEAP) refers (Special) to heapauxi.o(.text) for __use_two_region_memory
    stm32f10x_startup.o(RESET) refers (Special) to heapauxi.o(.text) for __use_two_region_memory
    stm32f10x_startup.o(RESET) refers to stm32f10x_startup.o(STACK) for Stack
    stm32f10x_startup.o(RESET) refers to os_cpu_a.o(.text) for OSPendSV
    stm32f10x_startup.o(RESET) refers to stm32f10x_it.o(i.SysTickHandler) for SysTickHandler
    stm32f10x_startup.o(RESET) refers to stm32f10x_it.o(i.WWDG_IRQHandler) for WWDG_IRQHandler
    stm32f10x_startup.o(RESET) refers to stm32f10x_it.o(i.PVD_IRQHandler) for PVD_IRQHandler
    stm32f10x_startup.o(RESET) refers to stm32f10x_it.o(i.TAMPER_IRQHandler) for TAMPER_IRQHandler
    stm32f10x_startup.o(RESET) refers to stm32f10x_it.o(i.RTC_IRQHandler) for RTC_IRQHandler
    stm32f10x_startup.o(RESET) refers to stm32f10x_it.o(i.FLASH_IRQHandler) for FLASH_IRQHandler
    stm32f10x_startup.o(RESET) refers to stm32f10x_it.o(i.RCC_IRQHandler) for RCC_IRQHandler
    stm32f10x_startup.o(RESET) refers to stm32f10x_it.o(i.EXTI0_IRQHandler) for EXTI0_IRQHandler
    stm32f10x_startup.o(RESET) refers to stm32f10x_it.o(i.EXTI1_IRQHandler) for EXTI1_IRQHandler
    stm32f10x_startup.o(RESET) refers to stm32f10x_it.o(i.EXTI2_IRQHandler) for EXTI2_IRQHandler
    stm32f10x_startup.o(RESET) refers to stm32f10x_it.o(i.EXTI3_IRQHandler) for EXTI3_IRQHandler
    stm32f10x_startup.o(RESET) refers to stm32f10x_it.o(i.EXTI4_IRQHandler) for EXTI4_IRQHandler
    stm32f10x_startup.o(RESET) refers to stm32f10x_it.o(i.DMAChannel1_IRQHandler) for DMAChannel1_IRQHandler
    stm32f10x_startup.o(RESET) refers to stm32f10x_it.o(i.DMAChannel2_IRQHandler) for DMAChannel2_IRQHandler
    stm32f10x_startup.o(RESET) refers to stm32f10x_it.o(i.DMAChannel3_IRQHandler) for DMAChannel3_IRQHandler
    stm32f10x_startup.o(RESET) refers to stm32f10x_it.o(i.DMAChannel4_IRQHandler) for DMAChannel4_IRQHandler
    stm32f10x_startup.o(RESET) refers to stm32f10x_it.o(i.DMAChannel5_IRQHandler) for DMAChannel5_IRQHandler
    stm32f10x_startup.o(RESET) refers to stm32f10x_it.o(i.DMAChannel6_IRQHandler) for DMAChannel6_IRQHandler
    stm32f10x_startup.o(RESET) refers to stm32f10x_it.o(i.DMAChannel7_IRQHandler) for DMAChannel7_IRQHandler
    stm32f10x_startup.o(RESET) refers to stm32f10x_it.o(i.ADC_IRQHandler) for ADC_IRQHandler
    stm32f10x_startup.o(RESET) refers to stm32f10x_it.o(i.USB_HP_CAN_TX_IRQHandler) for USB_HP_CAN_TX_IRQHandler
    stm32f10x_startup.o(RESET) refers to stm32f10x_it.o(i.USB_LP_CAN_RX0_IRQHandler) for USB_LP_CAN_RX0_IRQHandler
    stm32f10x_startup.o(RESET) refers to stm32f10x_it.o(i.CAN_RX1_IRQHandler) for CAN_RX1_IRQHandler
    stm32f10x_startup.o(RESET) refers to stm32f10x_it.o(i.CAN_SCE_IRQHandler) for CAN_SCE_IRQHandler
    stm32f10x_startup.o(RESET) refers to stm32f10x_it.o(i.EXTI9_5_IRQHandler) for EXTI9_5_IRQHandler
    stm32f10x_startup.o(RESET) refers to stm32f10x_it.o(i.TIM1_BRK_IRQHandler) for TIM1_BRK_IRQHandler
    stm32f10x_startup.o(RESET) refers to stm32f10x_it.o(i.TIM1_UP_IRQHandler) for TIM1_UP_IRQHandler
    stm32f10x_startup.o(RESET) refers to stm32f10x_it.o(i.TIM1_TRG_COM_IRQHandler) for TIM1_TRG_COM_IRQHandler
    stm32f10x_startup.o(RESET) refers to stm32f10x_it.o(i.TIM1_CC_IRQHandler) for TIM1_CC_IRQHandler
    stm32f10x_startup.o(RESET) refers to stm32f10x_it.o(i.TIM2_IRQHandler) for TIM2_IRQHandler
    stm32f10x_startup.o(RESET) refers to stm32f10x_it.o(i.TIM3_IRQHandler) for TIM3_IRQHandler
    stm32f10x_startup.o(RESET) refers to stm32f10x_it.o(i.TIM4_IRQHandler) for TIM4_IRQHandler
    stm32f10x_startup.o(RESET) refers to stm32f10x_it.o(i.I2C1_EV_IRQHandler) for I2C1_EV_IRQHandler
    stm32f10x_startup.o(RESET) refers to stm32f10x_it.o(i.I2C1_ER_IRQHandler) for I2C1_ER_IRQHandler
    stm32f10x_startup.o(RESET) refers to stm32f10x_it.o(i.I2C2_EV_IRQHandler) for I2C2_EV_IRQHandler
    stm32f10x_startup.o(RESET) refers to stm32f10x_it.o(i.I2C2_ER_IRQHandler) for I2C2_ER_IRQHandler
    stm32f10x_startup.o(RESET) refers to stm32f10x_it.o(i.SPI1_IRQHandler) for SPI1_IRQHandler
    stm32f10x_startup.o(RESET) refers to stm32f10x_it.o(i.SPI2_IRQHandler) for SPI2_IRQHandler
    stm32f10x_startup.o(RESET) refers to stm32f10x_it.o(i.USART1_IRQHandler) for USART1_IRQHandler
    stm32f10x_startup.o(RESET) refers to stm32f10x_it.o(i.USART2_IRQHandler) for USART2_IRQHandler
    stm32f10x_startup.o(RESET) refers to stm32f10x_it.o(i.USART3_IRQHandler) for USART3_IRQHandler
    stm32f10x_startup.o(RESET) refers to stm32f10x_it.o(i.EXTI15_10_IRQHandler) for EXTI15_10_IRQHandler
[...]
    i.SetPrechargePeriod                     0x08002dd0   Section        0  oled.o(i.SetPrechargePeriod)
    i.SetSegmentRemap                        0x08002de4   Section        0  oled.o(i.SetSegmentRemap)
    i.SetStartLine                           0x08002dec   Section        0  oled.o(i.SetStartLine)
    i.SetVCOMH                               0x08002df4   Section        0  oled.o(i.SetVCOMH)
    i.Single_Read                            0x08002e08   Section        0  sim_i2c.o(i.Single_Read)
    i.Single_Write                           0x08002e58   Section        0  sim_i2c.o(i.Single_Write)
    i.SysTickHandler                         0x08002e9c   Section        0  stm32f10x_it.o(i.SysTickHandler)
    i.TAMPER_IRQHandler                      0x08002ec0   Section        0  stm32f10x_it.o(i.TAMPER_IRQHandler)
    i.TIM1_BRK_IRQHandler                    0x08002ec2   Section        0  stm32f10x_it.o(i.TIM1_BRK_IRQHandler)
    i.TIM1_CC_IRQHandler                     0x08002ec4   Section        0  stm32f10x_it.o(i.TIM1_CC_IRQHandler)
    i.TIM1_TRG_COM_IRQHandler                0x08002ec6   Section        0  stm32f10x_it.o(i.TIM1_TRG_COM_IRQHandler)
    i.TIM1_UP_IRQHandler                     0x08002ec8   Section        0  stm32f10x_it.o(i.TIM1_UP_IRQHandler)
    i.TIM2_IRQHandler                        0x08002eca   Section        0  stm32f10x_it.o(i.TIM2_IRQHandler)
    i.TIM3_IRQHandler                        0x08002ecc   Section        0  stm32f10x_it.o(i.TIM3_IRQHandler)
    i.TIM4_IRQHandler                        0x08002ece   Section        0  stm32f10x_it.o(i.TIM4_IRQHandler)
    i.Task_Com1                              0x08002ed0   Section        0  app.o(i.Task_Com1)
    Task_Com1                                0x08002ed1   Thumb Code   332  app.o(i.Task_Com1)
    i.Task_Led1                              0x08003040   Section        0  app.o(i.Task_Led1)
    Task_Led1                                0x08003041   Thumb Code    58  app.o(i.Task_Led1)
    i.Task_Led2                              0x08003084   Section        0  app.o(i.Task_Led2)
    Task_Led2                                0x08003085   Thumb Code   262  app.o(i.Task_Led2)
    i.Task_Led3                              0x0800319c   Section        0  app.o(i.Task_Led3)
    Task_Led3                                0x0800319d   Thumb Code   396  app.o(i.Task_Led3)
    i.UART1_Put_Char                         0x08003338   Section        0  sensor.o(i.UART1_Put_Char)
    i.UART1_ReportIMU                        0x08003350   Section        0  sensor.o(i.UART1_ReportIMU)
    i.USART1_IRQHandler                      0x08003438   Section        0  stm32f10x_it.o(i.USART1_IRQHandler)
    i.USART2_IRQHandler                      0x080034f8   Section        0  stm32f10x_it.o(i.USART2_IRQHandler)
    i.USART3_IRQHandler                      0x080034fa   Section        0  stm32f10x_it.o(i.USART3_IRQHandler)
    i.USART_Cmd                              0x080034fc   Section        0  stm32f10x_usart.o(i.USART_Cmd)
    i.USART_Config                           0x08003514   Section        0  com.o(i.USART_Config)
    i.USART_GetFlagStatus                    0x080035a4   Section        0  stm32f10x_usart.o(i.USART_GetFlagStatus)
    i.USART_GetITStatus                      0x080035b2   Section        0  stm32f10x_usart.o(i.USART_GetITStatus)
    i.USART_ITConfig                         0x080035f2   Section        0  stm32f10x_usart.o(i.USART_ITConfig)
    i.USART_Init                             0x08003628   Section        0  stm32f10x_usart.o(i.USART_Init)
    i.USART_OUT                              0x080036e4   Section        0  app.o(i.USART_OUT)
    i.USART_ReceiveData                      0x080037c8   Section        0  stm32f10x_usart.o(i.USART_ReceiveData)
    i.USART_SendData                         0x080037d0   Section        0  stm32f10x_usart.o(i.USART_SendData)
    i.USBWakeUp_IRQHandler                   0x080037d8   Section        0  stm32f10x_it.o(i.USBWakeUp_IRQHandler)
    i.USB_HP_CAN_TX_IRQHandler               0x080037da   Section        0  stm32f10x_it.o(i.USB_HP_CAN_TX_IRQHandler)
    i.USB_LP_CAN_RX0_IRQHandler              0x080037dc   Section        0  stm32f10x_it.o(i.USB_LP_CAN_RX0_IRQHandler)
    i.WWDG_IRQHandler                        0x080037de   Section        0  stm32f10x_it.o(i.WWDG_IRQHandler)
    i.__ARM_fpclassify                       0x080037e0   Section        0  fpclassify.o(i.__ARM_fpclassify)
    i.__kernel_poly                          0x08003808   Section        0  poly.o(i.__kernel_poly)
    i.__mathlib_dbl_infnan                   0x080038b2   Section        0  dunder.o(i.__mathlib_dbl_infnan)
    i.__mathlib_dbl_infnan2                  0x080038b8   Section        0  dunder.o(i.__mathlib_dbl_infnan2)
    i.__mathlib_dbl_invalid                  0x080038bc   Section        0  dunder.o(i.__mathlib_dbl_invalid)
    i.__mathlib_dbl_underflow                0x080038c8   Section        0  dunder.o(i.__mathlib_dbl_underflow)
    i.asin                                   0x080038d8   Section        0  asin.o(i.asin)
    i.atan                                   0x08003b48   Section        0  atan.o(i.atan)
    i.atan2                                  0x08003d68   Section        0  atan2.o(i.atan2)
    i.invSqrt                                0x08003ee8   Section        0  sensor.o(i.invSqrt)
    i.itoa                                   0x08003f20   Section        0  app.o(i.itoa)
    i.main                                   0x08003f7c   Section        0  app.o(i.main)
    i.sqrt                                   0x08003fbc   Section        0  sqrt.o(i.sqrt)
    x$fpl$d2f                                0x08004008   Section       98  d2f.o(x$fpl$d2f)
    x$fpl$dadd                               0x0800406c   Section      336  daddsub_clz.o(x$fpl$dadd)
    _dadd1                                   0x0800407d   Thumb Code     0  daddsub_clz.o(x$fpl$dadd)
    x$fpl$dcheck1                            0x080041bc   Section       16  dcheck1.o(x$fpl$dcheck1)
    x$fpl$ddiv                               0x080041cc   Section      688  ddiv.o(x$fpl$ddiv)
    ddiv_entry                               0x080041d3   Thumb Code     0  ddiv.o(x$fpl$ddiv)
    x$fpl$dmul                               0x0800447c   Section      340  dmul.o(x$fpl$dmul)
    x$fpl$dnaninf                            0x080045d0   Section      156  dnaninf.o(x$fpl$dnaninf)
    x$fpl$dretinf                            0x0800466c   Section       12  dretinf.o(x$fpl$dretinf)
    x$fpl$drsb                               0x08004678   Section       22  daddsub_clz.o(x$fpl$drsb)
    x$fpl$dsqrt                              0x08004690   Section      460  dsqrt_noumaal.o(x$fpl$dsqrt)
    x$fpl$dsub                               0x0800485c   Section      468  daddsub_clz.o(x$fpl$dsub)
    _dsub1                                   0x0800486d   Thumb Code     0  daddsub_clz.o(x$fpl$dsub)
    x$fpl$f2d                                0x08004a30   Section       86  f2d.o(x$fpl$f2d)
    x$fpl$fadd                               0x08004a88   Section      196  faddsub_clz.o(x$fpl$fadd)
    _fadd1                                   0x08004a97   Thumb Code     0  faddsub_clz.o(x$fpl$fadd)
    x$fpl$fcheck1                            0x08004b4c   Section       12  fcheck1.o(x$fpl$fcheck1)
    x$fpl$fdiv                               0x08004b58   Section      388  fdiv.o(x$fpl$fdiv)
    _fdiv1                                   0x08004b59   Thumb Code     0  fdiv.o(x$fpl$fdiv)
    x$fpl$ffix                               0x08004cdc   Section       54  ffix.o(x$fpl$ffix)
    x$fpl$fflt                               0x08004d14   Section       48  fflt_clz.o(x$fpl$fflt)
    x$fpl$fmul                               0x08004d44   Section      258  fmul.o(x$fpl$fmul)
    x$fpl$fnaninf                            0x08004e46   Section      140  fnaninf.o(x$fpl$fnaninf)
    x$fpl$fretinf                            0x08004ed2   Section       10  fretinf.o(x$fpl$fretinf)
    x$fpl$frsb                               0x08004edc   Section       20  faddsub_clz.o(x$fpl$frsb)
    x$fpl$fsub                               0x08004ef0   Section      234  faddsub_clz.o(x$fpl$fsub)
    _fsub1                                   0x08004eff   Thumb Code     0  faddsub_clz.o(x$fpl$fsub)
    x$fpl$retnan                             0x08004fda   Section      100  retnan.o(x$fpl$retnan)
    x$fpl$scalbn                             0x0800503e   Section       92  scalbn.o(x$fpl$scalbn)
    x$fpl$scalbnf                            0x0800509a   Section       76  scalbnf.o(x$fpl$scalbnf)
    x$fpl$trapveneer                         0x080050e6   Section       48  trapv.o(x$fpl$trapveneer)
    .constdata                               0x08005116   Section     2672  oled.o(.constdata)
    x$fpl$usenofp                            0x08005116   Section        0  usenofp.o(x$fpl$usenofp)
    .constdata                               0x08005b86   Section      256  os_core.o(.constdata)
    .constdata                               0x08005c88   Section       80  asin.o(.constdata)
    pS                                       0x08005c88   Data          48  asin.o(.constdata)
    qS                                       0x08005cb8   Data          32  asin.o(.constdata)
    .constdata                               0x08005cd8   Section      152  atan.o(.constdata)
    atanhi                                   0x08005cd8   Data          32  atan.o(.constdata)
    atanlo                                   0x08005cf8   Data          32  atan.o(.constdata)
    aTodd                                    0x08005d18   Data          40  atan.o(.constdata)
    aTeven                                   0x08005d40   Data          48  atan.o(.constdata)
    .constdata                               0x08005d70   Section        8  qnan.o(.constdata)
    .data                                    0x20000000   Section       42  app.o(.data)
    d                                        0x20000000   Data           4  app.o(.data)
    freq_tmp                                 0x20000004   Data           4  app.o(.data)
    freq_tmp1                                0x20000008   Data           4  app.o(.data)
    .data                                    0x2000002c   Section        4  app.o(.data)
    .data                                    0x20000030   Section       28  sensor.o(.data)
    .data                                    0x2000004c   Section        1  bsp.o(.data)
    .data                                    0x2000004d   Section       20  stm32f10x_rcc.o(.data)
    ADCPrescTable                            0x2000004d   Data           4  stm32f10x_rcc.o(.data)
    APBAHBPrescTable                         0x20000051   Data          16  stm32f10x_rcc.o(.data)
    .data                                    0x20000064   Section       56  os_core.o(.data)
    .data                                    0x2000009c   Section        4  os_core.o(.data)
    .bss                                     0x200000a0   Section      400  app.o(.bss)
    .bss                                     0x20000230   Section     3124  app.o(.bss)
    App_TaskStartStk                         0x20000264   Data         512  app.o(.bss)
    Task_Com1Stk                             0x20000464   Data        1024  app.o(.bss)
    Task_Led1Stk                             0x20000864   Data         512  app.o(.bss)
    Task_Led2Stk                             0x20000a64   Data         512  app.o(.bss)
    Task_Led3Stk                             0x20000c64   Data         512  app.o(.bss)
    .bss                                     0x20000e64   Section       48  sensor.o(.bss)
    .bss                                     0x20000e94   Section     2528  os_core.o(.bss)
    .bss                                     0x20001874   Section      140  os_core.o(.bss)
    .bss                                     0x20001900   Section       96  libspace.o(.bss)
    HEAP                                     0x20001960   Section     1024  stm32f10x_startup.o(HEAP)
    Heap                                     0x20001960   Data           0  stm32f10x_startup.o(HEAP)
    STACK                                    0x20001d60   Section     1024  stm32f10x_startup.o(STACK)
    Stack                                    0x20001d60   Data           0  stm32f10x_startup.o(STACK)

    Global Symbols

    Symbol Name                              Value     Ov Type        Size  Object(Section)

    BuildAttributes$$THM_ISAv4$P$D$K$B$S$PE$A:L22UL41UL21$X:L11$S22US41US21$IEEE1$IW$USESV6$~STKCKD$USESV7$~SHL$OTIME$ROPI$IEEEX$EBA8$UX$STANDARDLIB$REQ8$PRES8$EABIv2 0x00000000   Number         0  anon$$obj.o ABSOLUTE
    __ARM_use_no_argv                        0x00000000   Number         0  app.o ABSOLUTE
    __ARM_exceptions_init                     - Undefined Weak Reference
    __alloca_initialize                       - Undefined Weak Reference
    __arm_preinit_                            - Undefined Weak Reference
    __cpp_initialize__aeabi_                  - Undefined Weak Reference
    __cxa_finalize                            - Undefined Weak Reference
    __rt_locale                               - Undefined Weak Reference
    __sigvec_lookup                           - Undefined Weak Reference
    _atexit_init                              - Undefined Weak Reference
    _call_atexit_fns                          - Undefined Weak Reference
    _clock_init                               - Undefined Weak Reference
    _fp_trap_init                             - Undefined Weak Reference
    _fp_trap_shutdown                         - Undefined Weak Reference
    _get_lc_collate                           - Undefined Weak Reference
    _get_lc_ctype                             - Undefined Weak Reference
    _get_lc_monetary                          - Undefined Weak Reference
    _get_lc_numeric                           - Undefined Weak Reference
    _get_lc_time                              - Undefined Weak Reference
    _getenv_init                              - Undefined Weak Reference
    _handle_redirection                       - Undefined Weak Reference
    _init_alloc                               - Undefined Weak Reference
    _init_user_alloc                          - Undefined Weak Reference
    _initio                                   - Undefined Weak Reference
    _rand_init                                - Undefined Weak Reference
    _signal_finish                            - Undefined Weak Reference
    _signal_init                              - Undefined Weak Reference
    _terminate_alloc                          - Undefined Weak Reference
    _terminate_user_alloc                     - Undefined Weak Reference
    _terminateio                              - Undefined Weak Reference
    __Vectors                                0x08000000   Data           0  stm32f10x_startup.o(RESET)
    Reset_Handler                            0x08000101   Thumb Code     0  stm32f10x_startup.o(RESET)
    __main                                   0x08000119   Thumb Code     8  __main.o(!!!main)
    __scatterload                            0x08000121   Thumb Code     0  __scatter.o(!!!scatter)
    __scatterload_rt2                        0x08000121   Thumb Code    44  __scatter.o(!!!scatter)
    __scatterload_rt2_thumb_only             0x08000121   Thumb Code     0  __scatter.o(!!!scatter)
    __scatterload_null                       0x0800012f   Thumb Code     0  __scatter.o(!!!scatter)
    __scatterload_copy                       0x08000155   Thumb Code    26  __scatter_copy.o(!!handler_copy)
    __scatterload_zeroinit                   0x08000171   Thumb Code    28  __scatter_zi.o(!!handler_zi)
    __rt_lib_init                            0x0800018d   Thumb Code     0  libinit.o(.ARM.Collect$$libinit$$00000000)
    __rt_lib_init_alloca_1                   0x0800018f   Thumb Code     0  libinit2.o(.ARM.Collect$$libinit$$0000002E)
    __rt_lib_init_argv_1                     0x0800018f   Thumb Code     0  libinit2.o(.ARM.Collect$$libinit$$0000002C)
    __rt_lib_init_atexit_1                   0x0800018f   Thumb Code     0  libinit2.o(.ARM.Collect$$libinit$$0000001B)
    __rt_lib_init_clock_1                    0x0800018f   Thumb Code     0  libinit2.o(.ARM.Collect$$libinit$$00000021)
    __rt_lib_init_cpp_1                      0x0800018f   Thumb Code     0  libinit2.o(.ARM.Collect$$libinit$$00000032)
    __rt_lib_init_exceptions_1               0x0800018f   Thumb Code     0  libinit2.o(.ARM.Collect$$libinit$$00000030)
    __rt_lib_init_fp_1                       0x0800018f   Thumb Code     0  libinit2.o(.ARM.Collect$$libinit$$00000002)
    __rt_lib_init_fp_trap_1                  0x0800018f   Thumb Code     0  libinit2.o(.ARM.Collect$$libinit$$0000001F)
    __rt_lib_init_getenv_1                   0x0800018f   Thumb Code     0  libinit2.o(.ARM.Collect$$libinit$$00000023)
    __rt_lib_init_heap_1                     0x0800018f   Thumb Code     0  libinit2.o(.ARM.Collect$$libinit$$0000000A)
    __rt_lib_init_lc_collate_1               0x0800018f   Thumb Code     0  libinit2.o(.ARM.Collect$$libinit$$00000011)
    __rt_lib_init_lc_ctype_1                 0x0800018f   Thumb Code     0  libinit2.o(.ARM.Collect$$libinit$$00000013)
    __rt_lib_init_lc_monetary_1              0x0800018f   Thumb Code     0  libinit2.o(.ARM.Collect$$libinit$$00000015)
    __rt_lib_init_lc_numeric_1               0x0800018f   Thumb Code     0  libinit2.o(.ARM.Collect$$libinit$$00000017)
    __rt_lib_init_lc_time_1                  0x0800018f   Thumb Code     0  libinit2.o(.ARM.Collect$$libinit$$00000019)
    __rt_lib_init_preinit_1                  0x0800018f   Thumb Code     0  libinit2.o(.ARM.Collect$$libinit$$00000004)
    __rt_lib_init_rand_1                     0x0800018f   Thumb Code     0  libinit2.o(.ARM.Collect$$libinit$$0000000E)
    __rt_lib_init_return                     0x0800018f   Thumb Code     0  libinit2.o(.ARM.Collect$$libinit$$00000033)
    __rt_lib_init_signal_1                   0x0800018f   Thumb Code     0  libinit2.o(.ARM.Collect$$libinit$$0000001D)
    __rt_lib_init_stdio_1                    0x0800018f   Thumb Code     0  libinit2.o(.ARM.Collect$$libinit$$00000025)
    __rt_lib_init_user_alloc_1               0x0800018f   Thumb Code     0  libinit2.o(.ARM.Collect$$libinit$$0000000C)
    __rt_lib_shutdown                        0x08000191   Thumb Code     0  libshutdown.o(.ARM.Collect$$libshutdown$$00000000)
    __rt_lib_shutdown_fp_trap_1              0x08000193   Thumb Code     0  libshutdown2.o(.ARM.Collect$$libshutdown$$00000006)
    __rt_lib_shutdown_heap_1                 0x08000193   Thumb Code     0  libshutdown2.o(.ARM.Collect$$libshutdown$$0000000E)
    __rt_lib_shutdown_return                 0x08000193   Thumb Code     0  libshutdown2.o(.ARM.Collect$$libshutdown$$0000000F)
    __rt_lib_shutdown_signal_1               0x08000193   Thumb Code     0  libshutdown2.o(.ARM.Collect$$libshutdown$$00000009)
    __rt_lib_shutdown_stdio_1                0x08000193   Thumb Code     0  libshutdown2.o(.ARM.Collect$$libshutdown$$00000003)
    __rt_lib_shutdown_user_alloc_1           0x08000193   Thumb Code     0  libshutdown2.o(.ARM.Collect$$libshutdown$$0000000B)
    __rt_entry                               0x08000195   Thumb Code     0  __rtentry.o(.ARM.Collect$$rtentry$$00000000)
    __rt_entry_presh_1                       0x08000195   Thumb Code     0  __rtentry2.o(.ARM.Collect$$rtentry$$00000002)
    __rt_entry_sh                            0x08000195   Thumb Code     0  __rtentry4.o(.ARM.Collect$$rtentry$$00000004)
    __rt_entry_li                            0x0800019b   Thumb Code     0  __rtentry2.o(.ARM.Collect$$rtentry$$0000000A)
    __rt_entry_postsh_1                      0x0800019b   Thumb Code     0  __rtentry2.o(.ARM.Collect$$rtentry$$00000009)
    __rt_entry_main                          0x0800019f   Thumb Code     0  __rtentry2.o(.ARM.Collect$$rtentry$$0000000D)
    __rt_entry_postli_1                      0x0800019f   Thumb Code     0  __rtentry2.o(.ARM.Collect$$rtentry$$0000000C)
    __rt_exit                                0x080001a7   Thumb Code     0  rtexit.o(.ARM.Collect$$rtexit$$00000000)
    __rt_exit_ls                             0x080001a9   Thumb Code     0  rtexit2.o(.ARM.Collect$$rtexit$$00000003)
    __rt_exit_prels_1                        0x080001a9   Thumb Code     0  rtexit2.o(.ARM.Collect$$rtexit$$00000002)
    __rt_exit_exit                           0x080001ad   Thumb Code     0  rtexit2.o(.ARM.Collect$$rtexit$$00000004)
    __user_initial_stackheap                 0x080001b5   Thumb Code     0  stm32f10x_startup.o(.text)
    OS_CPU_SR_Save                           0x080001d1   Thumb Code     0  os_cpu_a.o(.text)
    OS_CPU_SR_Restore                        0x080001d9   Thumb Code     0  os_cpu_a.o(.text)
    OSStartHighRdy                           0x080001df   Thumb Code     0  os_cpu_a.o(.text)
    OSCtxSw                                  0x080001ff   Thumb Code     0  os_cpu_a.o(.text)
    OSIntCtxSw                               0x08000209   Thumb Code     0  os_cpu_a.o(.text)
    OSPendSV                                 0x08000213   Thumb Code     0  os_cpu_a.o(.text)
    CPU_IntDis                               0x08000279   Thumb Code     0  cpu_a.o(.text)
    CPU_IntEn                                0x0800027d   Thumb Code     0  cpu_a.o(.text)
    CPU_SR_Save                              0x08000281   Thumb Code     0  cpu_a.o(.text)
    CPU_SR_Restore                           0x08000289   Thumb Code     0  cpu_a.o(.text)
    __use_two_region_memory                  0x0800028f   Thumb Code     2  heapauxi.o(.text)
    __rt_heap_escrow$2region                 0x08000291   Thumb Code     2  heapauxi.o(.text)
    __rt_heap_expand$2region                 0x08000293   Thumb Code     2  heapauxi.o(.text)
    __read_errno                             0x08000295   Thumb Code    10  _rserrno.o(.text)
    __set_errno                              0x0800029f   Thumb Code    12  _rserrno.o(.text)
    __aeabi_errno_addr                       0x080002ad   Thumb Code     8  rt_errno_addr_intlibspace.o(.text)
    __errno$intlibspace                      0x080002ad   Thumb Code     0  rt_errno_addr_intlibspace.o(.text)
    __rt_errno_addr$intlibspace              0x080002ad   Thumb Code     0  rt_errno_addr_intlibspace.o(.text)
    __user_libspace                          0x080002b5   Thumb Code     8  libspace.o(.text)
    __user_perproc_libspace                  0x080002b5   Thumb Code     0  libspace.o(.text)
    __user_perthread_libspace                0x080002b5   Thumb Code     0  libspace.o(.text)
    __user_setup_stackheap                   0x080002bd   Thumb Code    74  sys_stackheap_outer.o(.text)
    exit                                     0x08000307   Thumb Code    12  exit.o(.text)
    _sys_exit                                0x08000315   Thumb Code     8  sys_exit.o(.text)
    __I$use$semihosting                      0x08000321   Thumb Code     0  use_no_semi.o(.text)
    __use_no_semihosting_swi                 0x08000321   Thumb Code     2  use_no_semi.o(.text)
    ADC_Cmd                                  0x08000323   Thumb Code    24  stm32f10x_adc.o(i.ADC_Cmd)
    __semihosting_library_function           0x08000323   Thumb Code     0  indicate_semi.o(.text)
    ADC_GetCalibrationStatus                 0x0800033b   Thumb Code    14  stm32f10x_adc.o(i.ADC_GetCalibrationStatus)
    ADC_GetConversionValue                   0x08000349   Thumb Code     6  stm32f10x_adc.o(i.ADC_GetConversionValue)
    ADC_GetFlagStatus                        0x0800034f   Thumb Code    14  stm32f10x_adc.o(i.ADC_GetFlagStatus)
    ADC_GetResetCalibrationStatus            0x0800035d   Thumb Code    14  stm32f10x_adc.o(i.ADC_GetResetCalibrationStatus)
    ADC_IRQHandler                           0x0800036b   Thumb Code     2  stm32f10x_it.o(i.ADC_IRQHandler)
    ADC_Init                                 0x0800036d   Thumb Code    62  stm32f10x_adc.o(i.ADC_Init)
    ADC_RegularChannelConfig                 0x080003b5   Thumb Code   116  stm32f10x_adc.o(i.ADC_RegularChannelConfig)
    ADC_ResetCalibration                     0x08000429   Thumb Code    10  stm32f10x_adc.o(i.ADC_ResetCalibration)
    ADC_SoftwareStartConvCmd                 0x08000433   Thumb Code    24  stm32f10x_adc.o(i.ADC_SoftwareStartConvCmd)
    ADC_StartCalibration                     0x0800044b   Thumb Code    10  stm32f10x_adc.o(i.ADC_StartCalibration)
    AHRS_position                            0x08000455   Thumb Code  2694  sensor.o(i.AHRS_position)
    App_TCBInitHook                          0x08000edb   Thumb Code     2  app.o(i.App_TCBInitHook)
    App_TaskCreateHook                       0x08000fa1   Thumb Code     2  app.o(i.App_TaskCreateHook)
    App_TaskIdleHook                         0x08000fa3   Thumb Code     2  app.o(i.App_TaskIdleHook)
    App_TaskStatHook                         0x08000ffd   Thumb Code     2  app.o(i.App_TaskStatHook)
    App_TaskSwHook                           0x08000fff   Thumb Code     2  app.o(i.App_TaskSwHook)
    BSP_Init                                 0x08001001   Thumb Code    32  bsp.o(i.BSP_Init)
    CAN_RX1_IRQHandler                       0x08001025   Thumb Code     2  stm32f10x_it.o(i.CAN_RX1_IRQHandler)
    CAN_SCE_IRQHandler                       0x08001027   Thumb Code     2  stm32f10x_it.o(i.CAN_SCE_IRQHandler)
    DMAChannel1_IRQHandler                   0x08001029   Thumb Code     2  stm32f10x_it.o(i.DMAChannel1_IRQHandler)
    DMAChannel2_IRQHandler                   0x0800102b   Thumb Code     2  stm32f10x_it.o(i.DMAChannel2_IRQHandler)
    DMAChannel3_IRQHandler                   0x0800102d   Thumb Code     2  stm32f10x_it.o(i.DMAChannel3_IRQHandler)
    DMAChannel4_IRQHandler                   0x0800102f   Thumb Code     2  stm32f10x_it.o(i.DMAChannel4_IRQHandler)
    DMAChannel5_IRQHandler                   0x08001031   Thumb Code     2  stm32f10x_it.o(i.DMAChannel5_IRQHandler)
    DMAChannel6_IRQHandler                   0x08001033   Thumb Code     2  stm32f10x_it.o(i.DMAChannel6_IRQHandler)
    DMAChannel7_IRQHandler                   0x08001035   Thumb Code     2  stm32f10x_it.o(i.DMAChannel7_IRQHandler)
    DMA_DeInit                               0x08001039   Thumb Code   236  stm32f10x_dma.o(i.DMA_DeInit)
    DMA_Init                                 0x0800112d   Thumb Code    58  stm32f10x_dma.o(i.DMA_Init)
    EXTI0_IRQHandler                         0x08001169   Thumb Code    48  stm32f10x_it.o(i.EXTI0_IRQHandler)
    EXTI15_10_IRQHandler                     0x080011b9   Thumb Code    52  stm32f10x_it.o(i.EXTI15_10_IRQHandler)
    EXTI1_IRQHandler                         0x0800120d   Thumb Code     2  stm32f10x_it.o(i.EXTI1_IRQHandler)
    EXTI2_IRQHandler                         0x0800120f   Thumb Code     2  stm32f10x_it.o(i.EXTI2_IRQHandler)
    EXTI3_IRQHandler                         0x08001211   Thumb Code     2  stm32f10x_it.o(i.EXTI3_IRQHandler)
    EXTI4_IRQHandler                         0x08001213   Thumb Code     2  stm32f10x_it.o(i.EXTI4_IRQHandler)
    EXTI9_5_IRQHandler                       0x08001215   Thumb Code     2  stm32f10x_it.o(i.EXTI9_5_IRQHandler)
    EXTI_ClearITPendingBit                   0x08001219   Thumb Code     6  stm32f10x_exti.o(i.EXTI_ClearITPendingBit)
    EXTI_GetITStatus                         0x08001225   Thumb Code    28  stm32f10x_exti.o(i.EXTI_GetITStatus)
    EXTI_Init                                0x08001245   Thumb Code   110  stm32f10x_exti.o(i.EXTI_Init)
    FLASH_IRQHandler                         0x080012b9   Thumb Code     2  stm32f10x_it.o(i.FLASH_IRQHandler)
    FLASH_PrefetchBufferCmd                  0x080012bd   Thumb Code    18  stm32f10x_flash.o(i.FLASH_PrefetchBufferCmd)
    FLASH_SetLatency                         0x080012d5   Thumb Code    14  stm32f10x_flash.o(i.FLASH_SetLatency)
    GPIO_Configuration                       0x080012e9   Thumb Code    30  bsp.o(i.GPIO_Configuration)
    GPIO_EXTILineConfig                      0x0800130d   Thumb Code    34  stm32f10x_gpio.o(i.GPIO_EXTILineConfig)
    GPIO_Init                                0x08001335   Thumb Code   166  stm32f10x_gpio.o(i.GPIO_Init)
    GPIO_ResetBits                           0x080013db   Thumb Code     4  stm32f10x_gpio.o(i.GPIO_ResetBits)
    GPIO_SetBits                             0x080013df   Thumb Code     4  stm32f10x_gpio.o(i.GPIO_SetBits)
    HMC5883L_Init                            0x080013e3   Thumb Code    26  sensor.o(i.HMC5883L_Init)
    HMC5883L_MultRead                        0x080013fd   Thumb Code    84  sensor.o(i.HMC5883L_MultRead)
    HMC5883L_Start                           0x08001451   Thumb Code    26  sensor.o(i.HMC5883L_Start)
    I2C1_ER_IRQHandler                       0x0800146b   Thumb Code     2  stm32f10x_it.o(i.I2C1_ER_IRQHandler)
    I2C1_EV_IRQHandler                       0x0800146d   Thumb Code     2  stm32f10x_it.o(i.I2C1_EV_IRQHandler)
    I2C2_ER_IRQHandler                       0x0800146f   Thumb Code     2  stm32f10x_it.o(i.I2C2_ER_IRQHandler)
    I2C2_EV_IRQHandler                       0x08001471   Thumb Code     2  stm32f10x_it.o(i.I2C2_EV_IRQHandler)
    I2C_Ack                                  0x08001475   Thumb Code    38  sim_i2c.o(i.I2C_Ack)
    I2C_Ini                                  0x080014a1   Thumb Code    90  sim_i2c.o(i.I2C_Ini)
    I2C_NoAck                                0x08001505   Thumb Code    38  sim_i2c.o(i.I2C_NoAck)
    I2C_RadeByte                             0x08001531   Thumb Code    78  sim_i2c.o(i.I2C_RadeByte)
    I2C_SendByte                             0x08001585   Thumb Code    70  sim_i2c.o(i.I2C_SendByte)
    I2C_Start                                0x080015d1   Thumb Code    60  sim_i2c.o(i.I2C_Start)
    I2C_Stop                                 0x08001611   Thumb Code    38  sim_i2c.o(i.I2C_Stop)
    I2C_WaitAck                              0x0800163d   Thumb Code    58  sim_i2c.o(i.I2C_WaitAck)
    I2C_delay                                0x0800167d   Thumb Code    12  sim_i2c.o(i.I2C_delay)
    LED_Fill                                 0x08001689   Thumb Code    54  oled.o(i.LED_Fill)
    LED_Init                                 0x080016c1   Thumb Code   198  oled.o(i.LED_Init)
    LED_N_STATUS                             0x0800178d   Thumb Code   184  app.o(i.LED_N_STATUS)
    LED_P8x16Char                            0x08001851   Thumb Code    80  oled.o(i.LED_P8x16Char)
    LED_P8x16Str                             0x080018a5   Thumb Code   172  oled.o(i.LED_P8x16Str)
    LED_PrintChar                            0x08001955   Thumb Code   172  oled.o(i.LED_PrintChar)
    LED_SetPos                               0x08001a01   Thumb Code    34  oled.o(i.LED_SetPos)
    LED_WrCmd                                0x08001a25   Thumb Code    24  oled.o(i.LED_WrCmd)
    LED_WrDat                                0x08001a41   Thumb Code    24  oled.o(i.LED_WrDat)
    MPU6050_Init                             0x08001a5d   Thumb Code    56  sensor.o(i.MPU6050_Init)
    MPU6050_Read_ACCEL                       0x08001a95   Thumb Code    86  sensor.o(i.MPU6050_Read_ACCEL)
    MPU6050_Read_GYRO                        0x08001aeb   Thumb Code    86  sensor.o(i.MPU6050_Read_GYRO)
    Mult_Read                                0x08001b41   Thumb Code   120  sim_i2c.o(i.Mult_Read)
    NVIC_Configuration                       0x08001bb9   Thumb Code   168  bsp.o(i.NVIC_Configuration)
    NVIC_Init                                0x08001c61   Thumb Code    96  misc.o(i.NVIC_Init)
    NVIC_PriorityGroupConfig                 0x08001cc5   Thumb Code    10  misc.o(i.NVIC_PriorityGroupConfig)
    NVIC_SetVectorTable                      0x08001cd9   Thumb Code    12  misc.o(i.NVIC_SetVectorTable)
    OSInit                                   0x08001ced   Thumb Code    42  os_core.o(i.OSInit)
    OSInitHookBegin                          0x08001d17   Thumb Code     2  os_cpu_c.o(i.OSInitHookBegin)
    OSInitHookEnd                            0x08001d19   Thumb Code     2  os_cpu_c.o(i.OSInitHookEnd)
    OSIntExit                                0x08001d1d   Thumb Code    80  os_core.o(i.OSIntExit)
    OSMboxCreate                             0x08001d75   Thumb Code    62  os_mbox.o(i.OSMboxCreate)
    OSMboxPend                               0x08001dbd   Thumb Code   196  os_mbox.o(i.OSMboxPend)
    OSMboxPost                               0x08001e8d   Thumb Code    78  os_mbox.o(i.OSMboxPost)
    OSStart                                  0x08001edd   Thumb Code    38  os_core.o(i.OSStart)
    OSStatInit                               0x08001f0d   Thumb Code    48  os_core.o(i.OSStatInit)
    OSTCBInitHook                            0x08001f41   Thumb Code     4  os_cpu_c.o(i.OSTCBInitHook)
    OSTaskCreate                             0x08001f45   Thumb Code   124  os_task.o(i.OSTaskCreate)
    OSTaskCreateExt                          0x08001fcd   Thumb Code   144  os_task.o(i.OSTaskCreateExt)
    OSTaskCreateHook                         0x08002069   Thumb Code     4  os_cpu_c.o(i.OSTaskCreateHook)
    OSTaskIdleHook                           0x0800206d   Thumb Code     4  os_cpu_c.o(i.OSTaskIdleHook)
    OSTaskNameSet                            0x08002071   Thumb Code   128  os_task.o(i.OSTaskNameSet)
    OSTaskStatHook                           0x080020fd   Thumb Code     4  os_cpu_c.o(i.OSTaskStatHook)
    OSTaskStkChk                             0x08002101   Thumb Code   108  os_task.o(i.OSTaskStkChk)
    OSTaskStkInit                            0x08002175   Thumb Code    90  os_cpu_c.o(i.OSTaskStkInit)
    OSTaskSwHook                             0x080021cf   Thumb Code     4  os_cpu_c.o(i.OSTaskSwHook)
    OSTimeDly                                0x080021d5   Thumb Code    70  os_time.o(i.OSTimeDly)
    OSTimeDlyHMSM                            0x0800222d   Thumb Code    94  os_time.o(i.OSTimeDlyHMSM)
    OSTimeSet                                0x08002291   Thumb Code    20  os_time.o(i.OSTimeSet)
    OSTimeTick                               0x080022a9   Thumb Code   174  os_core.o(i.OSTimeTick)
    OSTimeTickHook                           0x0800235d   Thumb Code     2  os_cpu_c.o(i.OSTimeTickHook)
    OS_CPU_SysTickInit                       0x08002361   Thumb Code    54  bsp.o(i.OS_CPU_SysTickInit)
    OS_EventTOAbort                          0x0800239d   Thumb Code    50  os_core.o(i.OS_EventTOAbort)
    OS_EventTaskRdy                          0x080023d5   Thumb Code   122  os_core.o(i.OS_EventTaskRdy)
    OS_EventTaskWait                         0x0800245d   Thumb Code    70  os_core.o(i.OS_EventTaskWait)
    OS_EventWaitListInit                     0x080024a9   Thumb Code    22  os_core.o(i.OS_EventWaitListInit)
    OS_FlagInit                              0x080024c1   Thumb Code    58  os_flag.o(i.OS_FlagInit)
    OS_MemClr                                0x08002685   Thumb Code    18  os_core.o(i.OS_MemClr)
    OS_Sched                                 0x08002699   Thumb Code    64  os_core.o(i.OS_Sched)
    OS_StrCopy                               0x08002701   Thumb Code    28  os_core.o(i.OS_StrCopy)
    OS_StrLen                                0x0800271d   Thumb Code    20  os_core.o(i.OS_StrLen)
    OS_TCBInit                               0x08002731   Thumb Code   214  os_core.o(i.OS_TCBInit)
    OS_TaskIdle                              0x08002811   Thumb Code    22  os_core.o(i.OS_TaskIdle)
    OS_TaskStat                              0x0800282d   Thumb Code    92  os_core.o(i.OS_TaskStat)
    OS_TaskStatStkChk                        0x0800288d   Thumb Code    50  os_core.o(i.OS_TaskStatStkChk)
    OS_TaskStkClr                            0x080028c5   Thumb Code    22  os_task.o(i.OS_TaskStkClr)
    PVD_IRQHandler                           0x080028db   Thumb Code     2  stm32f10x_it.o(i.PVD_IRQHandler)
    RCC_ADCCLKConfig                         0x080028dd   Thumb Code    14  stm32f10x_rcc.o(i.RCC_ADCCLKConfig)
    RCC_AHBPeriphClockCmd                    0x080028f1   Thumb Code    22  stm32f10x_rcc.o(i.RCC_AHBPeriphClockCmd)
    RCC_APB1PeriphClockCmd                   0x0800290d   Thumb Code    22  stm32f10x_rcc.o(i.RCC_APB1PeriphClockCmd)
    RCC_APB2PeriphClockCmd                   0x08002929   Thumb Code    22  stm32f10x_rcc.o(i.RCC_APB2PeriphClockCmd)
    RCC_Configuration                        0x08002945   Thumb Code   106  bsp.o(i.RCC_Configuration)
    RCC_DeInit                               0x080029b5   Thumb Code    50  stm32f10x_rcc.o(i.RCC_DeInit)
    RCC_GetClocksFreq                        0x080029f5   Thumb Code   154  stm32f10x_rcc.o(i.RCC_GetClocksFreq)
    RCC_GetFlagStatus                        0x08002aa1   Thumb Code    42  stm32f10x_rcc.o(i.RCC_GetFlagStatus)
    RCC_GetSYSCLKSource                      0x08002ad1   Thumb Code    10  stm32f10x_rcc.o(i.RCC_GetSYSCLKSource)
    RCC_HCLKConfig                           0x08002ae1   Thumb Code    14  stm32f10x_rcc.o(i.RCC_HCLKConfig)
    RCC_HSEConfig                            0x08002af5   Thumb Code    50  stm32f10x_rcc.o(i.RCC_HSEConfig)
    RCC_IRQHandler                           0x08002b2d   Thumb Code     2  stm32f10x_it.o(i.RCC_IRQHandler)
    RCC_PCLK1Config                          0x08002b31   Thumb Code    14  stm32f10x_rcc.o(i.RCC_PCLK1Config)
    RCC_PCLK2Config                          0x08002b45   Thumb Code    16  stm32f10x_rcc.o(i.RCC_PCLK2Config)
    RCC_PLLCmd                               0x08002b59   Thumb Code     6  stm32f10x_rcc.o(i.RCC_PLLCmd)
    RCC_PLLConfig                            0x08002b65   Thumb Code    16  stm32f10x_rcc.o(i.RCC_PLLConfig)
    RCC_SYSCLKConfig                         0x08002b79   Thumb Code    14  stm32f10x_rcc.o(i.RCC_SYSCLKConfig)
    RCC_WaitForHSEStartUp                    0x08002b8d   Thumb Code    48  stm32f10x_rcc.o(i.RCC_WaitForHSEStartUp)
    RTCAlarm_IRQHandler                      0x08002bbd   Thumb Code     2  stm32f10x_it.o(i.RTCAlarm_IRQHandler)
    RTC_IRQHandler                           0x08002bbf   Thumb Code     2  stm32f10x_it.o(i.RTC_IRQHandler)
    SPI1_IRQHandler                          0x08002bc1   Thumb Code     2  stm32f10x_it.o(i.SPI1_IRQHandler)
    SPI2_IRQHandler                          0x08002bc3   Thumb Code     2  stm32f10x_it.o(i.SPI2_IRQHandler)
    SPI_Cmd                                  0x08002bc5   Thumb Code    24  stm32f10x_spi.o(i.SPI_Cmd)
    SPI_DEV_Init                             0x08002bdd   Thumb Code   180  spi.o(i.SPI_DEV_Init)
    SPI_I2S_GetFlagStatus                    0x08002ca1   Thumb Code    14  stm32f10x_spi.o(i.SPI_I2S_GetFlagStatus)
    SPI_I2S_ReceiveData                      0x08002caf   Thumb Code     4  stm32f10x_spi.o(i.SPI_I2S_ReceiveData)
    SPI_Init                                 0x08002cb3   Thumb Code    56  stm32f10x_spi.o(i.SPI_Init)
    SPI_Send_Byte                            0x08002ced   Thumb Code    46  spi.o(i.SPI_Send_Byte)
    SetAddressingMode                        0x08002d21   Thumb Code    20  oled.o(i.SetAddressingMode)
    SetChargePump                            0x08002d35   Thumb Code    22  oled.o(i.SetChargePump)
    SetCommonConfig                          0x08002d4b   Thumb Code    22  oled.o(i.SetCommonConfig)
    SetCommonRemap                           0x08002d61   Thumb Code     8  oled.o(i.SetCommonRemap)
    SetContrastControl                       0x08002d69   Thumb Code    20  oled.o(i.SetContrastControl)
    SetDisplayClock                          0x08002d7d   Thumb Code    20  oled.o(i.SetDisplayClock)
    SetDisplayOffset                         0x08002d91   Thumb Code    20  oled.o(i.SetDisplayOffset)
    SetDisplayOnOff                          0x08002da5   Thumb Code     8  oled.o(i.SetDisplayOnOff)
    SetEntireDisplay                         0x08002dad   Thumb Code     8  oled.o(i.SetEntireDisplay)
    SetInverseDisplay                        0x08002db5   Thumb Code     8  oled.o(i.SetInverseDisplay)
    SetMultiplexRatio                        0x08002dbd   Thumb Code    20  oled.o(i.SetMultiplexRatio)
    SetPrechargePeriod                       0x08002dd1   Thumb Code    20  oled.o(i.SetPrechargePeriod)
    SetSegmentRemap                          0x08002de5   Thumb Code     8  oled.o(i.SetSegmentRemap)
    SetStartLine                             0x08002ded   Thumb Code     8  oled.o(i.SetStartLine)
    SetVCOMH                                 0x08002df5   Thumb Code    20  oled.o(i.SetVCOMH)
    Single_Read                              0x08002e09   Thumb Code    80  sim_i2c.o(i.Single_Read)
    Single_Write                             0x08002e59   Thumb Code    66  sim_i2c.o(i.Single_Write)
    SysTickHandler                           0x08002e9d   Thumb Code    30  stm32f10x_it.o(i.SysTickHandler)
    TAMPER_IRQHandler                        0x08002ec1   Thumb Code     2  stm32f10x_it.o(i.TAMPER_IRQHandler)
    TIM1_BRK_IRQHandler                      0x08002ec3   Thumb Code     2  stm32f10x_it.o(i.TIM1_BRK_IRQHandler)
    TIM1_CC_IRQHandler                       0x08002ec5   Thumb Code     2  stm32f10x_it.o(i.TIM1_CC_IRQHandler)
    TIM1_TRG_COM_IRQHandler                  0x08002ec7   Thumb Code     2  stm32f10x_it.o(i.TIM1_TRG_COM_IRQHandler)
    TIM1_UP_IRQHandler                       0x08002ec9   Thumb Code     2  stm32f10x_it.o(i.TIM1_UP_IRQHandler)
    TIM2_IRQHandler                          0x08002ecb   Thumb Code     2  stm32f10x_it.o(i.TIM2_IRQHandler)
    TIM3_IRQHandler                          0x08002ecd   Thumb Code     2  stm32f10x_it.o(i.TIM3_IRQHandler)
    TIM4_IRQHandler                          0x08002ecf   Thumb Code     2  stm32f10x_it.o(i.TIM4_IRQHandler)
    UART1_Put_Char                           0x08003339   Thumb Code    20  sensor.o(i.UART1_Put_Char)
    UART1_ReportIMU                          0x08003351   Thumb Code   228  sensor.o(i.UART1_ReportIMU)
    USART1_IRQHandler                        0x08003439   Thumb Code   146  stm32f10x_it.o(i.USART1_IRQHandler)
    USART2_IRQHandler                        0x080034f9   Thumb Code     2  stm32f10x_it.o(i.USART2_IRQHandler)
    USART3_IRQHandler                        0x080034fb   Thumb Code     2  stm32f10x_it.o(i.USART3_IRQHandler)
    USART_Cmd                                0x080034fd   Thumb Code    24  stm32f10x_usart.o(i.USART_Cmd)
    USART_Config                             0x08003515   Thumb Code   140  com.o(i.USART_Config)
    USART_GetFlagStatus                      0x080035a5   Thumb Code    14  stm32f10x_usart.o(i.USART_GetFlagStatus)
    USART_GetITStatus                        0x080035b3   Thumb Code    64  stm32f10x_usart.o(i.USART_GetITStatus)
    USART_ITConfig                           0x080035f3   Thumb Code    54  stm32f10x_usart.o(i.USART_ITConfig)
    USART_Init                               0x08003629   Thumb Code   182  stm32f10x_usart.o(i.USART_Init)
    USART_OUT                                0x080036e5   Thumb Code   228  app.o(i.USART_OUT)
    USART_ReceiveData                        0x080037c9   Thumb Code     8  stm32f10x_usart.o(i.USART_ReceiveData)
    USART_SendData                           0x080037d1   Thumb Code     8  stm32f10x_usart.o(i.USART_SendData)
    USBWakeUp_IRQHandler                     0x080037d9   Thumb Code     2  stm32f10x_it.o(i.USBWakeUp_IRQHandler)
    USB_HP_CAN_TX_IRQHandler                 0x080037db   Thumb Code     2  stm32f10x_it.o(i.USB_HP_CAN_TX_IRQHandler)
    USB_LP_CAN_RX0_IRQHandler                0x080037dd   Thumb Code     2  stm32f10x_it.o(i.USB_LP_CAN_RX0_IRQHandler)
    WWDG_IRQHandler                          0x080037df   Thumb Code     2  stm32f10x_it.o(i.WWDG_IRQHandler)
    __ARM_fpclassify                         0x080037e1   Thumb Code    40  fpclassify.o(i.__ARM_fpclassify)
    __kernel_poly                            0x08003809   Thumb Code   170  poly.o(i.__kernel_poly)
    __mathlib_dbl_infnan                     0x080038b3   Thumb Code     6  dunder.o(i.__mathlib_dbl_infnan)
    __mathlib_dbl_infnan2                    0x080038b9   Thumb Code     4  dunder.o(i.__mathlib_dbl_infnan2)
    __mathlib_dbl_invalid                    0x080038bd   Thumb Code    12  dunder.o(i.__mathlib_dbl_invalid)
    __mathlib_dbl_underflow                  0x080038c9   Thumb Code    10  dunder.o(i.__mathlib_dbl_underflow)
    asin                                     0x080038d9   Thumb Code   572  asin.o(i.asin)
    atan                                     0x08003b49   Thumb Code   474  atan.o(i.atan)
    atan2                                    0x08003d69   Thumb Code   346  atan2.o(i.atan2)
    invSqrt                                  0x08003ee9   Thumb Code    52  sensor.o(i.invSqrt)
    itoa                                     0x08003f21   Thumb Code    92  app.o(i.itoa)
    main                                     0x08003f7d   Thumb Code    56  app.o(i.main)
    sqrt                                     0x08003fbd   Thumb Code    76  sqrt.o(i.sqrt)
    __aeabi_d2f                              0x08004009   Thumb Code     0  d2f.o(x$fpl$d2f)
    _d2f                                     0x08004009   Thumb Code    98  d2f.o(x$fpl$d2f)
    __aeabi_dadd                             0x0800406d   Thumb Code     0  daddsub_clz.o(x$fpl$dadd)
    _dadd                                    0x0800406d   Thumb Code   332  daddsub_clz.o(x$fpl$dadd)
    __fpl_dcheck_NaN1                        0x080041bd   Thumb Code    10  dcheck1.o(x$fpl$dcheck1)
    __aeabi_ddiv                             0x080041cd   Thumb Code     0  ddiv.o(x$fpl$ddiv)
    _ddiv                                    0x080041cd   Thumb Code   552  ddiv.o(x$fpl$ddiv)
    __aeabi_dmul                             0x0800447d   Thumb Code     0  dmul.o(x$fpl$dmul)
    _dmul                                    0x0800447d   Thumb Code   332  dmul.o(x$fpl$dmul)
    __fpl_dnaninf                            0x080045d1   Thumb Code   156  dnaninf.o(x$fpl$dnaninf)
    __fpl_dretinf                            0x0800466d   Thumb Code    12  dretinf.o(x$fpl$dretinf)
    __aeabi_drsub                            0x08004679   Thumb Code     0  daddsub_clz.o(x$fpl$drsb)
    _drsb                                    0x08004679   Thumb Code    22  daddsub_clz.o(x$fpl$drsb)
    _dsqrt                                   0x08004691   Thumb Code   456  dsqrt_noumaal.o(x$fpl$dsqrt)
    __aeabi_dsub                             0x0800485d   Thumb Code     0  daddsub_clz.o(x$fpl$dsub)
    _dsub                                    0x0800485d   Thumb Code   464  daddsub_clz.o(x$fpl$dsub)
    __aeabi_f2d                              0x08004a31   Thumb Code     0  f2d.o(x$fpl$f2d)
    _f2d                                     0x08004a31   Thumb Code    86  f2d.o(x$fpl$f2d)
    __aeabi_fadd                             0x08004a89   Thumb Code     0  faddsub_clz.o(x$fpl$fadd)
    _fadd                                    0x08004a89   Thumb Code   196  faddsub_clz.o(x$fpl$fadd)
    __fpl_fcheck_NaN1                        0x08004b4d   Thumb Code     6  fcheck1.o(x$fpl$fcheck1)
    __aeabi_fdiv                             0x08004b59   Thumb Code     0  fdiv.o(x$fpl$fdiv)
    _fdiv                                    0x08004b59   Thumb Code   384  fdiv.o(x$fpl$fdiv)
    __aeabi_f2iz                             0x08004cdd   Thumb Code     0  ffix.o(x$fpl$ffix)
    _ffix                                    0x08004cdd   Thumb Code    54  ffix.o(x$fpl$ffix)
    __aeabi_i2f                              0x08004d15   Thumb Code     0  fflt_clz.o(x$fpl$fflt)
    _fflt                                    0x08004d15   Thumb Code    48  fflt_clz.o(x$fpl$fflt)
    __aeabi_fmul                             0x08004d45   Thumb Code     0  fmul.o(x$fpl$fmul)
    _fmul                                    0x08004d45   Thumb Code   258  fmul.o(x$fpl$fmul)
    __fpl_fnaninf                            0x08004e47   Thumb Code   140  fnaninf.o(x$fpl$fnaninf)
    __fpl_fretinf                            0x08004ed3   Thumb Code    10  fretinf.o(x$fpl$fretinf)
    __aeabi_frsub                            0x08004edd   Thumb Code     0  faddsub_clz.o(x$fpl$frsb)
    _frsb                                    0x08004edd   Thumb Code    20  faddsub_clz.o(x$fpl$frsb)
    __aeabi_fsub                             0x08004ef1   Thumb Code     0  faddsub_clz.o(x$fpl$fsub)
    _fsub                                    0x08004ef1   Thumb Code   234  faddsub_clz.o(x$fpl$fsub)
    __fpl_return_NaN                         0x08004fdb   Thumb Code   100  retnan.o(x$fpl$retnan)
    __ARM_scalbn                             0x0800503f   Thumb Code    92  scalbn.o(x$fpl$scalbn)
    __ARM_scalbnf                            0x0800509b   Thumb Code    76  scalbnf.o(x$fpl$scalbnf)
    __fpl_cmpreturn                          0x080050e7   Thumb Code    48  trapv.o(x$fpl$trapveneer)
    F20X40_NUM                               0x08005116   Data        1200  oled.o(.constdata)
    __I$use$fp                               0x08005116   Number         0  usenofp.o(x$fpl$usenofp)
    F8X16                                    0x080055c6   Data        1472  oled.o(.constdata)
    OSUnMapTbl                               0x08005b86   Data         256  os_core.o(.constdata)
    __mathlib_zero                           0x08005d70   Data           8  qnan.o(.constdata)
    Region$$Table$$Base                      0x08005d78   Number         0  anon$$obj.o(Region$$Table)
    Region$$Table$$Limit                     0x08005d98   Number         0  anon$$obj.o(Region$$Table)
    Com1_MBOX                                0x2000000c   Data           4  app.o(.data)
    SeMbox                                   0x20000010   Data           4  app.o(.data)
    Key_BOX                                  0x20000014   Data           4  app.o(.data)
    hmc5883l                                 0x20000018   Data           6  app.o(.data)
    MPU6050_g                                0x2000001e   Data           6  app.o(.data)
    MPU6050_a                                0x20000024   Data           6  app.o(.data)
    RxCounter1                               0x2000002c   Data           4  app.o(.data)
    q0                                       0x20000030   Data           4  sensor.o(.data)
    q1                                       0x20000034   Data           4  sensor.o(.data)
    q2                                       0x20000038   Data           4  sensor.o(.data)
    q3                                       0x2000003c   Data           4  sensor.o(.data)
    exInt                                    0x20000040   Data           4  sensor.o(.data)
    eyInt                                    0x20000044   Data           4  sensor.o(.data)
    ezInt                                    0x20000048   Data           4  sensor.o(.data)
    HSEStartUpStatus                         0x2000004c   Data           1  bsp.o(.data)
    OSCPUUsage                               0x20000064   Data           1  os_core.o(.data)
    OSStatRdy                                0x20000065   Data           1  os_core.o(.data)
    OSIntNesting                             0x20000066   Data           1  os_core.o(.data)
    OSLockNesting                            0x20000067   Data           1  os_core.o(.data)
    OSPrioCur                                0x20000068   Data           1  os_core.o(.data)
    OSPrioHighRdy                            0x20000069   Data           1  os_core.o(.data)
    OSRdyGrp                                 0x2000006a   Data           1  os_core.o(.data)
    OSRunning                                0x2000006b   Data           1  os_core.o(.data)
    OSTaskCtr                                0x2000006c   Data           1  os_core.o(.data)
    OSTickStepState                          0x2000006d   Data           1  os_core.o(.data)
    OSCtxSwCtr                               0x20000070   Data           4  os_core.o(.data)
    OSEventFreeList                          0x20000074   Data           4  os_core.o(.data)
    OSIdleCtrMax                             0x20000078   Data           4  os_core.o(.data)
    OSIdleCtrRun                             0x2000007c   Data           4  os_core.o(.data)
    OSRdyTbl                                 0x20000080   Data           4  os_core.o(.data)
    OSIdleCtr                                0x20000084   Data           4  os_core.o(.data)
    OSTCBCur                                 0x20000088   Data           4  os_core.o(.data)
    OSTCBFreeList                            0x2000008c   Data           4  os_core.o(.data)
    OSTCBHighRdy                             0x20000090   Data           4  os_core.o(.data)
    OSTCBList                                0x20000094   Data           4  os_core.o(.data)
    OSTime                                   0x20000098   Data           4  os_core.o(.data)
    OSFlagFreeList                           0x2000009c   Data           4  os_core.o(.data)
    TxBuffer1                                0x200000a0   Data         400  app.o(.bss)
    EulerAngle_Current                       0x20000230   Data          52  app.o(.bss)
    T                                        0x20000e64   Data          36  sensor.o(.bss)
    fb                                       0x20000e88   Data          12  sensor.o(.bss)
    OSEventTbl                               0x20000e94   Data         320  os_core.o(.bss)
    OSTaskStatStk                            0x20000fd4   Data         512  os_core.o(.bss)
    OSTaskIdleStk                            0x200011d4   Data         512  os_core.o(.bss)
    OSTCBPrioTbl                             0x200013d4   Data         128  os_core.o(.bss)
    OSTCBTbl                                 0x20001454   Data        1056  os_core.o(.bss)
    OSFlagTbl                                0x20001874   Data         140  os_core.o(.bss)
    __libspace_start                         0x20001900   Data          96  libspace.o(.bss)
    __temporary_stack_top$libspace           0x20001960   Data           0  libspace.o(.bss)



==============================================================================

Memory Map of the image

  Image Entry point : 0x08000119

  Load Region LR_IROM1 (Base: 0x08000000, Size: 0x00005e38, Max: 0x00010000, ABSOLUTE)

    Execution Region ER_IROM1 (Base: 0x08000000, Size: 0x00005d98, Max: 0x00010000, ABSOLUTE)

    Base Addr    Size         Type   Attr      Idx    E Section Name        Object

    0x08000000   0x00000118   Code   RO            3    RESET               stm32f10x_startup.o
    0x08000118   0x00000008   Code   RO         3340  * !!!main             c_w.l(__main.o)
    0x08000120   0x00000034   Code   RO         3639    !!!scatter          c_w.l(__scatter.o)
    0x08000154   0x0000001a   Code   RO         3641    !!handler_copy      c_w.l(__scatter_copy.o)
    0x0800016e   0x00000002   PAD
    0x08000170   0x0000001c   Code   RO         3643    !!handler_zi        c_w.l(__scatter_zi.o)
    0x0800018c   0x00000002   Code   RO         3511    .ARM.Collect$$libinit$$00000000  c_w.l(libinit.o)
    0x0800018e   0x00000000   Code   RO         3517    .ARM.Collect$$libinit$$00000002  c_w.l(libinit2.o)
    0x0800018e   0x00000000   Code   RO         3519    .ARM.Collect$$libinit$$00000004  c_w.l(libinit2.o)
    0x0800018e   0x00000000   Code   RO         3522    .ARM.Collect$$libinit$$0000000A  c_w.l(libinit2.o)
    0x0800018e   0x00000000   Code   RO         3524    .ARM.Collect$$libinit$$0000000C  c_w.l(libinit2.o)
    0x0800018e   0x00000000   Code   RO         3526    .ARM.Collect$$libinit$$0000000E  c_w.l(libinit2.o)
    0x0800018e   0x00000000   Code   RO         3529    .ARM.Collect$$libinit$$00000011  c_w.l(libinit2.o)
    0x0800018e   0x00000000   Code   RO         3531    .ARM.Collect$$libinit$$00000013  c_w.l(libinit2.o)
    0x0800018e   0x00000000   Code   RO         3533    .ARM.Collect$$libinit$$00000015  c_w.l(libinit2.o)
    0x0800018e   0x00000000   Code   RO         3535    .ARM.Collect$$libinit$$00000017  c_w.l(libinit2.o)
    0x0800018e   0x00000000   Code   RO         3537    .ARM.Collect$$libinit$$00000019  c_w.l(libinit2.o)
    0x0800018e   0x00000000   Code   RO         3539    .ARM.Collect$$libinit$$0000001B  c_w.l(libinit2.o)
    0x0800018e   0x00000000   Code   RO         3541    .ARM.Collect$$libinit$$0000001D  c_w.l(libinit2.o)
    0x0800018e   0x00000000   Code   RO         3543    .ARM.Collect$$libinit$$0000001F  c_w.l(libinit2.o)
    0x0800018e   0x00000000   Code   RO         3545    .ARM.Collect$$libinit$$00000021  c_w.l(libinit2.o)
    0x0800018e   0x00000000   Code   RO         3547    .ARM.Collect$$libinit$$00000023  c_w.l(libinit2.o)
    0x0800018e   0x00000000   Code   RO         3549    .ARM.Collect$$libinit$$00000025  c_w.l(libinit2.o)
    0x0800018e   0x00000000   Code   RO         3553    .ARM.Collect$$libinit$$0000002C  c_w.l(libinit2.o)
    0x0800018e   0x00000000   Code   RO         3555    .ARM.Collect$$libinit$$0000002E  c_w.l(libinit2.o)
    0x0800018e   0x00000000   Code   RO         3557    .ARM.Collect$$libinit$$00000030  c_w.l(libinit2.o)
    0x0800018e   0x00000000   Code   RO         3559    .ARM.Collect$$libinit$$00000032  c_w.l(libinit2.o)
    0x0800018e   0x00000002   Code   RO         3560    .ARM.Collect$$libinit$$00000033  c_w.l(libinit2.o)
    0x08000190   0x00000002   Code   RO         3580    .ARM.Collect$$libshutdown$$00000000  c_w.l(libshutdown.o)
    0x08000192   0x00000000   Code   RO         3594    .ARM.Collect$$libshutdown$$00000003  c_w.l(libshutdown2.o)
    0x08000192   0x00000000   Code   RO         3597    .ARM.Collect$$libshutdown$$00000006  c_w.l(libshutdown2.o)
    0x08000192   0x00000000   Code   RO         3600    .ARM.Collect$$libshutdown$$00000009  c_w.l(libshutdown2.o)
    0x08000192   0x00000000   Code   RO         3602    .ARM.Collect$$libshutdown$$0000000B  c_w.l(libshutdown2.o)
    0x08000192   0x00000000   Code   RO         3605    .ARM.Collect$$libshutdown$$0000000E  c_w.l(libshutdown2.o)
    0x08000192   0x00000002   Code   RO         3606    .ARM.Collect$$libshutdown$$0000000F  c_w.l(libshutdown2.o)
    0x08000194   0x00000000   Code   RO         3424    .ARM.Collect$$rtentry$$00000000  c_w.l(__rtentry.o)
    0x08000194   0x00000000   Code   RO         3476    .ARM.Collect$$rtentry$$00000002  c_w.l(__rtentry2.o)
    0x08000194   0x00000006   Code   RO         3488    .ARM.Collect$$rtentry$$00000004  c_w.l(__rtentry4.o)
    0x0800019a   0x00000000   Code   RO         3478    .ARM.Collect$$rtentry$$00000009  c_w.l(__rtentry2.o)
    0x0800019a   0x00000004   Code   RO         3479    .ARM.Collect$$rtentry$$0000000A  c_w.l(__rtentry2.o)
    0x0800019e   0x00000000   Code   RO         3481    .ARM.Collect$$rtentry$$0000000C  c_w.l(__rtentry2.o)
    0x0800019e   0x00000008   Code   RO         3482    .ARM.Collect$$rtentry$$0000000D  c_w.l(__rtentry2.o)
    0x080001a6   0x00000002   Code   RO         3514    .ARM.Collect$$rtexit$$00000000  c_w.l(rtexit.o)
    0x080001a8   0x00000000   Code   RO         3562    .ARM.Collect$$rtexit$$00000002  c_w.l(rtexit2.o)
    0x080001a8   0x00000004   Code   RO         3563    .ARM.Collect$$rtexit$$00000003  c_w.l(rtexit2.o)
    0x080001ac   0x00000006   Code   RO         3564    .ARM.Collect$$rtexit$$00000004  c_w.l(rtexit2.o)
    0x080001b2   0x00000002   PAD
    0x080001b4   0x0000001c   Code   RO            4    .text               stm32f10x_startup.o
    0x080001d0   0x000000a8   Code   RO         2732    .text               os_cpu_a.o
    0x08000278   0x00000016   Code   RO         2735    .text               cpu_a.o
    0x0800028e   0x00000006   Code   RO         3338    .text               c_w.l(heapauxi.o)
    0x08000294   0x00000016   Code   RO         3425    .text               c_w.l(_rserrno.o)
    0x080002aa   0x00000002   PAD
    0x080002ac   0x00000008   Code   RO         3493    .text               c_w.l(rt_errno_addr_intlibspace.o)
    0x080002b4   0x00000008   Code   RO         3499    .text               c_w.l(libspace.o)
    0x080002bc   0x0000004a   Code   RO         3502    .text               c_w.l(sys_stackheap_outer.o)
    0x08000306   0x0000000c   Code   RO         3504    .text               c_w.l(exit.o)
    0x08000312   0x00000002   PAD
    0x08000314   0x0000000c   Code   RO         3572    .text               c_w.l(sys_exit.o)
    0x08000320   0x00000002   Code   RO         3583    .text               c_w.l(use_no_semi.o)
    0x08000322   0x00000000   Code   RO         3585    .text               c_w.l(indicate_semi.o)
    0x08000322   0x00000018   Code   RO         1851    i.ADC_Cmd           stm32f10x_adc.o
    0x0800033a   0x0000000e   Code   RO         1859    i.ADC_GetCalibrationStatus  stm32f10x_adc.o
    0x08000348   0x00000006   Code   RO         1860    i.ADC_GetConversionValue  stm32f10x_adc.o
    0x0800034e   0x0000000e   Code   RO         1862    i.ADC_GetFlagStatus  stm32f10x_adc.o
    0x0800035c   0x0000000e   Code   RO         1865    i.ADC_GetResetCalibrationStatus  stm32f10x_adc.o
    0x0800036a   0x00000002   Code   RO          287    i.ADC_IRQHandler    stm32f10x_it.o
    0x0800036c   0x00000048   Code   RO         1869    i.ADC_Init          stm32f10x_adc.o
    0x080003b4   0x00000074   Code   RO         1873    i.ADC_RegularChannelConfig  stm32f10x_adc.o
    0x08000428   0x0000000a   Code   RO         1874    i.ADC_ResetCalibration  stm32f10x_adc.o
    0x08000432   0x00000018   Code   RO         1876    i.ADC_SoftwareStartConvCmd  stm32f10x_adc.o
    0x0800044a   0x0000000a   Code   RO         1878    i.ADC_StartCalibration  stm32f10x_adc.o
    0x08000454   0x00000a86   Code   RO          979    i.AHRS_position     sensor.o
    0x08000eda   0x00000002   Code   RO           11    i.App_TCBInitHook   app.o
    0x08000edc   0x000000c4   Code   RO           12    i.App_TaskCreate    app.o
    0x08000fa0   0x00000002   Code   RO           13    i.App_TaskCreateHook  app.o
    0x08000fa2   0x00000002   Code   RO           15    i.App_TaskIdleHook  app.o
    0x08000fa4   0x00000058   Code   RO           16    i.App_TaskStart     app.o
    0x08000ffc   0x00000002   Code   RO           17    i.App_TaskStatHook  app.o
    0x08000ffe   0x00000002   Code   RO           18    i.App_TaskSwHook    app.o
    0x08001000   0x00000024   Code   RO         1232    i.BSP_Init          bsp.o
    0x08001024   0x00000002   Code   RO          289    i.CAN_RX1_IRQHandler  stm32f10x_it.o
    0x08001026   0x00000002   Code   RO          290    i.CAN_SCE_IRQHandler  stm32f10x_it.o
    0x08001028   0x00000002   Code   RO          295    i.DMAChannel1_IRQHandler  stm32f10x_it.o
    0x0800102a   0x00000002   Code   RO          296    i.DMAChannel2_IRQHandler  stm32f10x_it.o
    0x0800102c   0x00000002   Code   RO          297    i.DMAChannel3_IRQHandler  stm32f10x_it.o
    0x0800102e   0x00000002   Code   RO          298    i.DMAChannel4_IRQHandler  stm32f10x_it.o
    0x08001030   0x00000002   Code   RO          299    i.DMAChannel5_IRQHandler  stm32f10x_it.o
    0x08001032   0x00000002   Code   RO          300    i.DMAChannel6_IRQHandler  stm32f10x_it.o
    0x08001034   0x00000002   Code   RO          301    i.DMAChannel7_IRQHandler  stm32f10x_it.o
    0x08001036   0x00000002   PAD
    0x08001038   0x000000f4   Code   RO         2070    i.DMA_DeInit        stm32f10x_dma.o
    0x0800112c   0x0000003a   Code   RO         2075    i.DMA_Init          stm32f10x_dma.o
    0x08001166   0x00000002   PAD
    0x08001168   0x00000050   Code   RO          303    i.EXTI0_IRQHandler  stm32f10x_it.o
    0x080011b8   0x00000054   Code   RO          304    i.EXTI15_10_IRQHandler  stm32f10x_it.o
    0x0800120c   0x00000002   Code   RO          305    i.EXTI1_IRQHandler  stm32f10x_it.o
    0x0800120e   0x00000002   Code   RO          306    i.EXTI2_IRQHandler  stm32f10x_it.o
    0x08001210   0x00000002   Code   RO          307    i.EXTI3_IRQHandler  stm32f10x_it.o
    0x08001212   0x00000002   Code   RO          308    i.EXTI4_IRQHandler  stm32f10x_it.o
    0x08001214   0x00000002   Code   RO          309    i.EXTI9_5_IRQHandler  stm32f10x_it.o
    0x08001216   0x00000002   PAD
    0x08001218   0x0000000c   Code   RO         2278    i.EXTI_ClearITPendingBit  stm32f10x_exti.o
    0x08001224   0x00000020   Code   RO         2282    i.EXTI_GetITStatus  stm32f10x_exti.o
    0x08001244   0x00000074   Code   RO         2283    i.EXTI_Init         stm32f10x_exti.o
    0x080012b8   0x00000002   Code   RO          310    i.FLASH_IRQHandler  stm32f10x_it.o
    0x080012ba   0x00000002   PAD
    0x080012bc   0x00000018   Code   RO         2468    i.FLASH_PrefetchBufferCmd  stm32f10x_flash.o
    0x080012d4   0x00000014   Code   RO         2473    i.FLASH_SetLatency  stm32f10x_flash.o
    0x080012e8   0x00000024   Code   RO         1233    i.GPIO_Configuration  bsp.o
    0x0800130c   0x00000028   Code   RO         1354    i.GPIO_EXTILineConfig  stm32f10x_gpio.o
    0x08001334   0x000000a6   Code   RO         1357    i.GPIO_Init         stm32f10x_gpio.o
    0x080013da   0x00000004   Code   RO         1364    i.GPIO_ResetBits    stm32f10x_gpio.o
    0x080013de   0x00000004   Code   RO         1365    i.GPIO_SetBits      stm32f10x_gpio.o
    0x080013e2   0x0000001a   Code   RO          981    i.HMC5883L_Init     sensor.o
    0x080013fc   0x00000054   Code   RO          982    i.HMC5883L_MultRead  sensor.o
    0x08001450   0x0000001a   Code   RO          984    i.HMC5883L_Start    sensor.o
    0x0800146a   0x00000002   Code   RO          313    i.I2C1_ER_IRQHandler  stm32f10x_it.o
    0x0800146c   0x00000002   Code   RO          314    i.I2C1_EV_IRQHandler  stm32f10x_it.o
    0x0800146e   0x00000002   Code   RO          315    i.I2C2_ER_IRQHandler  stm32f10x_it.o
    0x08001470   0x00000002   Code   RO          316    i.I2C2_EV_IRQHandler  stm32f10x_it.o
    0x08001472   0x00000002   PAD
    0x08001474   0x0000002c   Code   RO         1096    i.I2C_Ack           sim_i2c.o
    0x080014a0   0x00000064   Code   RO         1097    i.I2C_Ini           sim_i2c.o
    0x08001504   0x0000002c   Code   RO         1098    i.I2C_NoAck         sim_i2c.o
    0x08001530   0x00000054   Code   RO         1099    i.I2C_RadeByte      sim_i2c.o
    0x08001584   0x0000004c   Code   RO         1100    i.I2C_SendByte      sim_i2c.o
    0x080015d0   0x00000040   Code   RO         1101    i.I2C_Start         sim_i2c.o
    0x08001610   0x0000002c   Code   RO         1102    i.I2C_Stop          sim_i2c.o
    0x0800163c   0x00000040   Code   RO         1103    i.I2C_WaitAck       sim_i2c.o
    0x0800167c   0x0000000c   Code   RO         1184    i.I2C_delay         sim_i2c.o
    0x08001688   0x00000036   Code   RO          748    i.LED_Fill          oled.o
    0x080016be   0x00000002   PAD
    0x080016c0   0x000000cc   Code   RO          749    i.LED_Init          oled.o
    0x0800178c   0x000000c4   Code   RO           19    i.LED_N_STATUS      app.o
    0x08001850   0x00000054   Code   RO          754    i.LED_P8x16Char     oled.o
    0x080018a4   0x000000b0   Code   RO          755    i.LED_P8x16Str      oled.o
    0x08001954   0x000000ac   Code   RO          757    i.LED_PrintChar     oled.o
    0x08001a00   0x00000022   Code   RO          762    i.LED_SetPos        oled.o
    0x08001a22   0x00000002   PAD
    0x08001a24   0x0000001c   Code   RO          763    i.LED_WrCmd         oled.o
    0x08001a40   0x0000001c   Code   RO          764    i.LED_WrDat         oled.o
    0x08001a5c   0x00000038   Code   RO          986    i.MPU6050_Init      sensor.o
    0x08001a94   0x00000056   Code   RO          987    i.MPU6050_Read_ACCEL  sensor.o
    0x08001aea   0x00000056   Code   RO          988    i.MPU6050_Read_GYRO  sensor.o
    0x08001b40   0x00000078   Code   RO         1104    i.Mult_Read         sim_i2c.o
    0x08001bb8   0x000000a8   Code   RO         1234    i.NVIC_Configuration  bsp.o
    0x08001c60   0x00000064   Code   RO         1315    i.NVIC_Init         misc.o
    0x08001cc4   0x00000014   Code   RO         1316    i.NVIC_PriorityGroupConfig  misc.o
    0x08001cd8   0x00000014   Code   RO         1317    i.NVIC_SetVectorTable  misc.o
    0x08001cec   0x0000002a   Code   RO         2740    i.OSInit            os_core.o
    0x08001d16   0x00000002   Code   RO         2625    i.OSInitHookBegin   os_cpu_c.o
    0x08001d18   0x00000002   Code   RO         2626    i.OSInitHookEnd     os_cpu_c.o
    0x08001d1a   0x00000002   PAD
    0x08001d1c   0x00000058   Code   RO         2742    i.OSIntExit         os_core.o
    0x08001d74   0x00000048   Code   RO         3047    i.OSMboxCreate      os_mbox.o
    0x08001dbc   0x000000d0   Code   RO         3049    i.OSMboxPend        os_mbox.o
    0x08001e8c   0x0000004e   Code   RO         3051    i.OSMboxPost        os_mbox.o
    0x08001eda   0x00000002   PAD
    0x08001edc   0x00000030   Code   RO         2745    i.OSStart           os_core.o
    0x08001f0c   0x00000034   Code   RO         2746    i.OSStatInit        os_core.o
    0x08001f40   0x00000004   Code   RO         2627    i.OSTCBInitHook     os_cpu_c.o
    0x08001f44   0x00000088   Code   RO         3173    i.OSTaskCreate      os_task.o
    0x08001fcc   0x0000009c   Code   RO         3174    i.OSTaskCreateExt   os_task.o
    0x08002068   0x00000004   Code   RO         2628    i.OSTaskCreateHook  os_cpu_c.o
    0x0800206c   0x00000004   Code   RO         2630    i.OSTaskIdleHook    os_cpu_c.o
    0x08002070   0x0000008c   Code   RO         3178    i.OSTaskNameSet     os_task.o
    0x080020fc   0x00000004   Code   RO         2631    i.OSTaskStatHook    os_cpu_c.o
    0x08002100   0x00000074   Code   RO         3181    i.OSTaskStkChk      os_task.o
    0x08002174   0x0000005a   Code   RO         2632    i.OSTaskStkInit     os_cpu_c.o
    0x080021ce   0x00000004   Code   RO         2633    i.OSTaskSwHook      os_cpu_c.o
    0x080021d2   0x00000002   PAD
    0x080021d4   0x00000058   Code   RO         3250    i.OSTimeDly         os_time.o
    0x0800222c   0x00000064   Code   RO         3251    i.OSTimeDlyHMSM     os_time.o
    0x08002290   0x00000018   Code   RO         3254    i.OSTimeSet         os_time.o
    0x080022a8   0x000000b4   Code   RO         2747    i.OSTimeTick        os_core.o
    0x0800235c   0x00000002   Code   RO         2634    i.OSTimeTickHook    os_cpu_c.o
    0x0800235e   0x00000002   PAD
    0x08002360   0x0000003c   Code   RO         1235    i.OS_CPU_SysTickInit  bsp.o
    0x0800239c   0x00000038   Code   RO         2750    i.OS_EventTOAbort   os_core.o
    0x080023d4   0x00000088   Code   RO         2751    i.OS_EventTaskRdy   os_core.o
    0x0800245c   0x0000004c   Code   RO         2752    i.OS_EventTaskWait  os_core.o
    0x080024a8   0x00000016   Code   RO         2753    i.OS_EventWaitListInit  os_core.o
    0x080024be   0x00000002   PAD
    0x080024c0   0x00000044   Code   RO         2970    i.OS_FlagInit       os_flag.o
    0x08002504   0x00000044   Code   RO         2754    i.OS_InitEventList  os_core.o
    0x08002548   0x00000020   Code   RO         2755    i.OS_InitMisc       os_core.o
    0x08002568   0x00000028   Code   RO         2756    i.OS_InitRdyList    os_core.o
    0x08002590   0x00000054   Code   RO         2757    i.OS_InitTCBList    os_core.o
    0x080025e4   0x00000050   Code   RO         2758    i.OS_InitTaskIdle   os_core.o
    0x08002634   0x00000050   Code   RO         2759    i.OS_InitTaskStat   os_core.o
    0x08002684   0x00000012   Code   RO         2760    i.OS_MemClr         os_core.o
    0x08002696   0x00000002   PAD
    0x08002698   0x00000048   Code   RO         2762    i.OS_Sched          os_core.o
    0x080026e0   0x00000020   Code   RO         2763    i.OS_SchedNew       os_core.o
    0x08002700   0x0000001c   Code   RO         2764    i.OS_StrCopy        os_core.o
    0x0800271c   0x00000014   Code   RO         2765    i.OS_StrLen         os_core.o
    0x08002730   0x000000e0   Code   RO         2766    i.OS_TCBInit        os_core.o
    0x08002810   0x0000001c   Code   RO         2767    i.OS_TaskIdle       os_core.o
    0x0800282c   0x00000060   Code   RO         2768    i.OS_TaskStat       os_core.o
    0x0800288c   0x00000038   Code   RO         2769    i.OS_TaskStatStkChk  os_core.o
    0x080028c4   0x00000016   Code   RO         3183    i.OS_TaskStkClr     os_task.o
    0x080028da   0x00000002   Code   RO          319    i.PVD_IRQHandler    stm32f10x_it.o
    0x080028dc   0x00000014   Code   RO         1465    i.RCC_ADCCLKConfig  stm32f10x_rcc.o
    0x080028f0   0x0000001c   Code   RO         1466    i.RCC_AHBPeriphClockCmd  stm32f10x_rcc.o
    0x0800290c   0x0000001c   Code   RO         1467    i.RCC_APB1PeriphClockCmd  stm32f10x_rcc.o
    0x08002928   0x0000001c   Code   RO         1469    i.RCC_APB2PeriphClockCmd  stm32f10x_rcc.o
    0x08002944   0x00000070   Code   RO         1236    i.RCC_Configuration  bsp.o
    0x080029b4   0x00000040   Code   RO         1476    i.RCC_DeInit        stm32f10x_rcc.o
    0x080029f4   0x000000ac   Code   RO         1477    i.RCC_GetClocksFreq  stm32f10x_rcc.o
    0x08002aa0   0x00000030   Code   RO         1478    i.RCC_GetFlagStatus  stm32f10x_rcc.o
    0x08002ad0   0x00000010   Code   RO         1480    i.RCC_GetSYSCLKSource  stm32f10x_rcc.o
    0x08002ae0   0x00000014   Code   RO         1481    i.RCC_HCLKConfig    stm32f10x_rcc.o
    0x08002af4   0x00000038   Code   RO         1482    i.RCC_HSEConfig     stm32f10x_rcc.o
    0x08002b2c   0x00000002   Code   RO          321    i.RCC_IRQHandler    stm32f10x_it.o
    0x08002b2e   0x00000002   PAD
    0x08002b30   0x00000014   Code   RO         1488    i.RCC_PCLK1Config   stm32f10x_rcc.o
    0x08002b44   0x00000014   Code   RO         1489    i.RCC_PCLK2Config   stm32f10x_rcc.o
    0x08002b58   0x0000000c   Code   RO         1490    i.RCC_PLLCmd        stm32f10x_rcc.o
    0x08002b64   0x00000014   Code   RO         1491    i.RCC_PLLConfig     stm32f10x_rcc.o
    0x08002b78   0x00000014   Code   RO         1494    i.RCC_SYSCLKConfig  stm32f10x_rcc.o
    0x08002b8c   0x00000030   Code   RO         1496    i.RCC_WaitForHSEStartUp  stm32f10x_rcc.o
    0x08002bbc   0x00000002   Code   RO          322    i.RTCAlarm_IRQHandler  stm32f10x_it.o
    0x08002bbe   0x00000002   Code   RO          323    i.RTC_IRQHandler    stm32f10x_it.o
    0x08002bc0   0x00000002   Code   RO          325    i.SPI1_IRQHandler   stm32f10x_it.o
    0x08002bc2   0x00000002   Code   RO          326    i.SPI2_IRQHandler   stm32f10x_it.o
    0x08002bc4   0x00000018   Code   RO         2138    i.SPI_Cmd           stm32f10x_spi.o
    0x08002bdc   0x000000c4   Code   RO          718    i.SPI_DEV_Init      spi.o
    0x08002ca0   0x0000000e   Code   RO         2146    i.SPI_I2S_GetFlagStatus  stm32f10x_spi.o
    0x08002cae   0x00000004   Code   RO         2149    i.SPI_I2S_ReceiveData  stm32f10x_spi.o
    0x08002cb2   0x00000038   Code   RO         2151    i.SPI_Init          stm32f10x_spi.o
    0x08002cea   0x00000002   PAD
    0x08002cec   0x00000034   Code   RO          721    i.SPI_Send_Byte     spi.o
    0x08002d20   0x00000014   Code   RO          765    i.SetAddressingMode  oled.o
    0x08002d34   0x00000016   Code   RO          766    i.SetChargePump     oled.o
    0x08002d4a   0x00000016   Code   RO          768    i.SetCommonConfig   oled.o
    0x08002d60   0x00000008   Code   RO          769    i.SetCommonRemap    oled.o
    0x08002d68   0x00000014   Code   RO          770    i.SetContrastControl  oled.o
    0x08002d7c   0x00000014   Code   RO          771    i.SetDisplayClock   oled.o
    0x08002d90   0x00000014   Code   RO          772    i.SetDisplayOffset  oled.o
    0x08002da4   0x00000008   Code   RO          773    i.SetDisplayOnOff   oled.o
    0x08002dac   0x00000008   Code   RO          774    i.SetEntireDisplay  oled.o
    0x08002db4   0x00000008   Code   RO          775    i.SetInverseDisplay  oled.o
    0x08002dbc   0x00000014   Code   RO          776    i.SetMultiplexRatio  oled.o
    0x08002dd0   0x00000014   Code   RO          779    i.SetPrechargePeriod  oled.o
    0x08002de4   0x00000008   Code   RO          780    i.SetSegmentRemap   oled.o
    0x08002dec   0x00000008   Code   RO          782    i.SetStartLine      oled.o
    0x08002df4   0x00000014   Code   RO          784    i.SetVCOMH          oled.o
    0x08002e08   0x00000050   Code   RO         1105    i.Single_Read       sim_i2c.o
    0x08002e58   0x00000042   Code   RO         1106    i.Single_Write      sim_i2c.o
    0x08002e9a   0x00000002   PAD
    0x08002e9c   0x00000024   Code   RO          329    i.SysTickHandler    stm32f10x_it.o
    0x08002ec0   0x00000002   Code   RO          330    i.TAMPER_IRQHandler  stm32f10x_it.o
    0x08002ec2   0x00000002   Code   RO          331    i.TIM1_BRK_IRQHandler  stm32f10x_it.o
    0x08002ec4   0x00000002   Code   RO          332    i.TIM1_CC_IRQHandler  stm32f10x_it.o
    0x08002ec6   0x00000002   Code   RO          333    i.TIM1_TRG_COM_IRQHandler  stm32f10x_it.o
    0x08002ec8   0x00000002   Code   RO          334    i.TIM1_UP_IRQHandler  stm32f10x_it.o
    0x08002eca   0x00000002   Code   RO          335    i.TIM2_IRQHandler   stm32f10x_it.o
    0x08002ecc   0x00000002   Code   RO          336    i.TIM3_IRQHandler   stm32f10x_it.o
    0x08002ece   0x00000002   Code   RO          337    i.TIM4_IRQHandler   stm32f10x_it.o
    0x08002ed0   0x00000170   Code   RO           21    i.Task_Com1         app.o
    0x08003040   0x00000044   Code   RO           22    i.Task_Led1         app.o
    0x08003084   0x00000118   Code   RO           23    i.Task_Led2         app.o
    0x0800319c   0x0000019c   Code   RO           24    i.Task_Led3         app.o
    0x08003338   0x00000018   Code   RO          992    i.UART1_Put_Char    sensor.o
    0x08003350   0x000000e8   Code   RO          993    i.UART1_ReportIMU   sensor.o
    0x08003438   0x000000c0   Code   RO          347    i.USART1_IRQHandler  stm32f10x_it.o
    0x080034f8   0x00000002   Code   RO          348    i.USART2_IRQHandler  stm32f10x_it.o
    0x080034fa   0x00000002   Code   RO          349    i.USART3_IRQHandler  stm32f10x_it.o
    0x080034fc   0x00000018   Code   RO         1669    i.USART_Cmd         stm32f10x_usart.o
    0x08003514   0x00000090   Code   RO         1195    i.USART_Config      com.o
    0x080035a4   0x0000000e   Code   RO         1672    i.USART_GetFlagStatus  stm32f10x_usart.o
    0x080035b2   0x00000040   Code   RO         1673    i.USART_GetITStatus  stm32f10x_usart.o
    0x080035f2   0x00000036   Code   RO         1675    i.USART_ITConfig    stm32f10x_usart.o
    0x08003628   0x000000bc   Code   RO         1676    i.USART_Init        stm32f10x_usart.o
    0x080036e4   0x000000e4   Code   RO           25    i.USART_OUT         app.o
    0x080037c8   0x00000008   Code   RO         1683    i.USART_ReceiveData  stm32f10x_usart.o
    0x080037d0   0x00000008   Code   RO         1686    i.USART_SendData    stm32f10x_usart.o
    0x080037d8   0x00000002   Code   RO          350    i.USBWakeUp_IRQHandler  stm32f10x_it.o
    0x080037da   0x00000002   Code   RO          351    i.USB_HP_CAN_TX_IRQHandler  stm32f10x_it.o
    0x080037dc   0x00000002   Code   RO          352    i.USB_LP_CAN_RX0_IRQHandler  stm32f10x_it.o
    0x080037de   0x00000002   Code   RO          354    i.WWDG_IRQHandler   stm32f10x_it.o
    0x080037e0   0x00000028   Code   RO         3470    i.__ARM_fpclassify  m_ws.l(fpclassify.o)
    0x08003808   0x000000aa   Code   RO         3472    i.__kernel_poly     m_ws.l(poly.o)
    0x080038b2   0x00000006   Code   RO         3457    i.__mathlib_dbl_infnan  m_ws.l(dunder.o)
    0x080038b8   0x00000004   Code   RO         3458    i.__mathlib_dbl_infnan2  m_ws.l(dunder.o)
    0x080038bc   0x0000000c   Code   RO         3459    i.__mathlib_dbl_invalid  m_ws.l(dunder.o)
    0x080038c8   0x00000010   Code   RO         3462    i.__mathlib_dbl_underflow  m_ws.l(dunder.o)
    0x080038d8   0x00000270   Code   RO         3399    i.asin              m_ws.l(asin.o)
    0x08003b48   0x00000220   Code   RO         3447    i.atan              m_ws.l(atan.o)
    0x08003d68   0x00000180   Code   RO         3409    i.atan2             m_ws.l(atan2.o)
    0x08003ee8   0x00000038   Code   RO          995    i.invSqrt           sensor.o
    0x08003f20   0x0000005c   Code   RO           26    i.itoa              app.o
    0x08003f7c   0x00000040   Code   RO           27    i.main              app.o
    0x08003fbc   0x0000004c   Code   RO         3417    i.sqrt              m_ws.l(sqrt.o)
    0x08004008   0x00000062   Code   RO         3342    x$fpl$d2f           fz_ws.l(d2f.o)
    0x0800406a   0x00000002   PAD
    0x0800406c   0x00000150   Code   RO         3344    x$fpl$dadd          fz_ws.l(daddsub_clz.o)
    0x080041bc   0x00000010   Code   RO         3427    x$fpl$dcheck1       fz_ws.l(dcheck1.o)
    0x080041cc   0x000002b0   Code   RO         3351    x$fpl$ddiv          fz_ws.l(ddiv.o)
    0x0800447c   0x00000154   Code   RO         3364    x$fpl$dmul          fz_ws.l(dmul.o)
    0x080045d0   0x0000009c   Code   RO         3431    x$fpl$dnaninf       fz_ws.l(dnaninf.o)
    0x0800466c   0x0000000c   Code   RO         3433    x$fpl$dretinf       fz_ws.l(dretinf.o)
    0x08004678   0x00000016   Code   RO         3345    x$fpl$drsb          fz_ws.l(daddsub_clz.o)
    0x0800468e   0x00000002   PAD
    0x08004690   0x000001cc   Code   RO         3435    x$fpl$dsqrt         fz_ws.l(dsqrt_noumaal.o)
    0x0800485c   0x000001d4   Code   RO         3346    x$fpl$dsub          fz_ws.l(daddsub_clz.o)
    0x08004a30   0x00000056   Code   RO         3366    x$fpl$f2d           fz_ws.l(f2d.o)
    0x08004a86   0x00000002   PAD
    0x08004a88   0x000000c4   Code   RO         3368    x$fpl$fadd          fz_ws.l(faddsub_clz.o)
    0x08004b4c   0x0000000c   Code   RO         3437    x$fpl$fcheck1       fz_ws.l(fcheck1.o)
    0x08004b58   0x00000184   Code   RO         3375    x$fpl$fdiv          fz_ws.l(fdiv.o)
    0x08004cdc   0x00000036   Code   RO         3378    x$fpl$ffix          fz_ws.l(ffix.o)
    0x08004d12   0x00000002   PAD
    0x08004d14   0x00000030   Code   RO         3383    x$fpl$fflt          fz_ws.l(fflt_clz.o)
    0x08004d44   0x00000102   Code   RO         3390    x$fpl$fmul          fz_ws.l(fmul.o)
    0x08004e46   0x0000008c   Code   RO         3441    x$fpl$fnaninf       fz_ws.l(fnaninf.o)
    0x08004ed2   0x0000000a   Code   RO         3443    x$fpl$fretinf       fz_ws.l(fretinf.o)
    0x08004edc   0x00000014   Code   RO         3369    x$fpl$frsb          fz_ws.l(faddsub_clz.o)
    0x08004ef0   0x000000ea   Code   RO         3370    x$fpl$fsub          fz_ws.l(faddsub_clz.o)
    0x08004fda   0x00000064   Code   RO         3497    x$fpl$retnan        fz_ws.l(retnan.o)
    0x0800503e   0x0000005c   Code   RO         3394    x$fpl$scalbn        fz_ws.l(scalbn.o)
    0x0800509a   0x0000004c   Code   RO         3396    x$fpl$scalbnf       fz_ws.l(scalbnf.o)
    0x080050e6   0x00000030   Code   RO         3512    x$fpl$trapveneer    fz_ws.l(trapv.o)
    0x08005116   0x00000000   Code   RO         3445    x$fpl$usenofp       fz_ws.l(usenofp.o)
    0x08005116   0x00000a70   Data   RO          785    .constdata          oled.o
    0x08005b86   0x00000100   Data   RO         2772    .constdata          os_core.o
    0x08005c86   0x00000002   PAD
    0x08005c88   0x00000050   Data   RO         3400    .constdata          m_ws.l(asin.o)
    0x08005cd8   0x00000098   Data   RO         3448    .constdata          m_ws.l(atan.o)
    0x08005d70   0x00000008   Data   RO         3474    .constdata          m_ws.l(qnan.o)
    0x08005d78   0x00000020   Data   RO         3637    Region$$Table       anon$$obj.o


    Execution Region RW_IRAM1 (Base: 0x20000000, Size: 0x00002160, Max: 0x00005000, ABSOLUTE)

    Base Addr    Size         Type   Attr      Idx    E Section Name        Object

    0x20000000   0x0000002a   Data   RW           33    .data               app.o
    0x2000002a   0x00000002   PAD
    0x2000002c   0x00000004   Data   RW           38    .data               app.o
    0x20000030   0x0000001c   Data   RW          997    .data               sensor.o
    0x2000004c   0x00000001   Data   RW         1238    .data               bsp.o
    0x2000004d   0x00000014   Data   RW         1497    .data               stm32f10x_rcc.o
    0x20000061   0x00000003   PAD
    0x20000064   0x00000038   Data   RW         2773    .data               os_core.o
    0x2000009c   0x00000004   Data   RW         2774    .data               os_core.o
    0x200000a0   0x00000190   Zero   RW           28    .bss                app.o
    0x20000230   0x00000c34   Zero   RW           30    .bss                app.o
    0x20000e64   0x00000030   Zero   RW          996    .bss                sensor.o
    0x20000e94   0x000009e0   Zero   RW         2770    .bss                os_core.o
    0x20001874   0x0000008c   Zero   RW         2771    .bss                os_core.o
    0x20001900   0x00000060   Zero   RW         3500    .bss                c_w.l(libspace.o)
    0x20001960   0x00000400   Zero   RW            2    HEAP                stm32f10x_startup.o
    0x20001d60   0x00000400   Zero   RW            1    STACK               stm32f10x_startup.o


==============================================================================

Image component sizes


      Code (inc. data)   RO Data    RW Data    ZI Data      Debug   Object Name

      2002        150          0         46       3524     281125   app.o
       412         22          0          1          0      18468   bsp.o
       144          4          0          0          0        851   com.o
        22          0          0          0          0        240   cpu_a.o
       140         22          0          0          0       1873   misc.o
      1012         22       2672          0          0      11736   oled.o
      1658        184        256         60       2668      22969   os_core.o
       168         40          0          0          0        292   os_cpu_a.o
       116          0          0          0          0      13544   os_cpu_c.o
        68         10          0          0          0       9127   os_flag.o
       358         22          0          0          0       2637   os_mbox.o
       570         44          0          0          0       4472   os_task.o
       212         28          0          0          0       1860   os_time.o
      3370         60          0         28         48       9175   sensor.o
       798         50          0          0          0       6692   sim_i2c.o
       248         22          0          0          0       1031   spi.o
       304         10          0          0          0       7621   stm32f10x_adc.o
       302          8          0          0          0       2400   stm32f10x_dma.o
       160         16          0          0          0       1996   stm32f10x_exti.o
        44         12          0          0          0        953   stm32f10x_flash.o
       214          6          0          0          0       3414   stm32f10x_gpio.o
       472        116          0          0          0      17094   stm32f10x_it.o
       620        106          0         20          0      10813   stm32f10x_rcc.o
        98          0          0          0          0       3035   stm32f10x_spi.o
       308        280          0          0       2048        532   stm32f10x_startup.o
       360          6          0          0          0       5973   stm32f10x_usart.o

    ----------------------------------------------------------------------
     14212       1240       2962        160       8288     439923   Object Totals
         0          0         32          0          0          0   (incl. Generated)
        32          0          2          5          0          0   (incl. Padding)

    ----------------------------------------------------------------------

      Code (inc. data)   RO Data    RW Data    ZI Data      Debug   Library Member Name

         8          0          0          0          0         68   __main.o
         0          0          0          0          0          0   __rtentry.o
        12          0          0          0          0          0   __rtentry2.o
         6          0          0          0          0          0   __rtentry4.o
        52          8          0          0          0          0   __scatter.o
        26          0          0          0          0          0   __scatter_copy.o
        28          0          0          0          0          0   __scatter_zi.o
        22          0          0          0          0        100   _rserrno.o
        12          0          0          0          0         72   exit.o
         6          0          0          0          0        152   heapauxi.o
         0          0          0          0          0          0   indicate_semi.o
         2          0          0          0          0          0   libinit.o
         2          0          0          0          0          0   libinit2.o
         2          0          0          0          0          0   libshutdown.o
         2          0          0          0          0          0   libshutdown2.o
         8          4          0          0         96         68   libspace.o
         8          4          0          0          0         68   rt_errno_addr_intlibspace.o
         2          0          0          0          0          0   rtexit.o
        10          0          0          0          0          0   rtexit2.o
        12          4          0          0          0         68   sys_exit.o
        74          0          0          0          0         80   sys_stackheap_outer.o
         2          0          0          0          0         68   use_no_semi.o
        98          4          0          0          0         92   d2f.o
       826         16          0          0          0        348   daddsub_clz.o
        16          4          0          0          0         68   dcheck1.o
       688        140          0          0          0        208   ddiv.o
       340         12          0          0          0        104   dmul.o
       156          4          0          0          0         92   dnaninf.o
        12          0          0          0          0         68   dretinf.o
       460         56          0          0          0        120   dsqrt_noumaal.o
        86          4          0          0          0         84   f2d.o
       450          8          0          0          0        236   faddsub_clz.o
        12          4          0          0          0         68   fcheck1.o
       388         76          0          0          0         96   fdiv.o
        54          4          0          0          0         84   ffix.o
        48          0          0          0          0         68   fflt_clz.o
       258          4          0          0          0         84   fmul.o
       140          4          0          0          0         84   fnaninf.o
        10          0          0          0          0         68   fretinf.o
       100          0          0          0          0         68   retnan.o
        92          0          0          0          0         68   scalbn.o
        76          0          0          0          0         68   scalbnf.o
        48          0          0          0          0         68   trapv.o
         0          0          0          0          0          0   usenofp.o
       624         52         80          0          0        168   asin.o
       544         70        152          0          0        124   atan.o
       384         38          0          0          0        144   atan2.o
        38          6          0          0          0        272   dunder.o
        40          0          0          0          0         68   fpclassify.o
       170          0          0          0          0         96   poly.o
         0          0          8          0          0          0   qnan.o
        76          0          0          0          0         84   sqrt.o

    ----------------------------------------------------------------------
      6546        526        240          0         96       3944   Library Totals
        16          0          0          0          0          0   (incl. Padding)

    ----------------------------------------------------------------------

      Code (inc. data)   RO Data    RW Data    ZI Data      Debug   Library Name

       296         20          0          0         96        744   c_w.l
      4358        340          0          0          0       2244   fz_ws.l
      1876        166        240          0          0        956   m_ws.l

    ----------------------------------------------------------------------
      6546        526        240          0         96       3944   Library Totals

    ----------------------------------------------------------------------

==============================================================================


      Code (inc. data)   RO Data    RW Data    ZI Data      Debug   

     20758       1766       3202        160       8384     431279   Grand Totals
     20758       1766       3202        160       8384     431279   ELF Image Totals
     20758       1766       3202        160          0          0   ROM Totals

==============================================================================

    Total RO  Size (Code + RO Data)                23960 (  23.40kB)
    Total RW  Size (RW Data + ZI Data)              8544 (   8.34kB)
    Total ROM Size (Code + RO Data + RW Data)      24120 (  23.55kB)

==============================================================================

